/home/sahil/frappe-11/frappe-bench/apps/frappe/frappe/database/query.py:197: UserWarning: The 'filters_config' hook used to add custom operators is not yet implemented in frappe.db.query engine. Use db_query (frappe.get_list) instead.
  warn(
13:07:08 Traceback (most recent call last):
  File "/home/sahil/frappe-11/frappe-bench/env/lib/python3.10/site-packages/rq/worker.py", line 1061, in perform_job
    rv = job.perform()
  File "/home/sahil/frappe-11/frappe-bench/env/lib/python3.10/site-packages/rq/job.py", line 821, in perform
    self._result = self._execute()
  File "/home/sahil/frappe-11/frappe-bench/env/lib/python3.10/site-packages/rq/job.py", line 844, in _execute
    result = self.func(*self.args, **self.kwargs)
  File "/home/sahil/frappe-11/frappe-bench/apps/frappe/frappe/utils/background_jobs.py", line 160, in execute_job
    method(**kwargs)
  File "/home/sahil/frappe-11/frappe-bench/apps/frappe/frappe/core/doctype/user/user.py", line 1108, in create_contact
    contact.insert(
  File "/home/sahil/frappe-11/frappe-bench/apps/frappe/frappe/model/document.py", line 247, in insert
    self._validate_links()
  File "/home/sahil/frappe-11/frappe-bench/apps/frappe/frappe/model/document.py", line 896, in _validate_links
    frappe.throw(_("Could not find {0}").format(msg), frappe.LinkValidationError)
  File "/home/sahil/frappe-11/frappe-bench/apps/frappe/frappe/__init__.py", line 524, in throw
    msgprint(
  File "/home/sahil/frappe-11/frappe-bench/apps/frappe/frappe/__init__.py", line 492, in msgprint
    _raise_exception()
  File "/home/sahil/frappe-11/frappe-bench/apps/frappe/frappe/__init__.py", line 444, in _raise_exception
    raise raise_exception(msg)
frappe.exceptions.LinkValidationError: Could not find User Id: s@gmail.com
Traceback (most recent call last):
  File "/home/sahil/frappe-11/frappe-bench/env/lib/python3.10/site-packages/rq/worker.py", line 1061, in perform_job
    rv = job.perform()
  File "/home/sahil/frappe-11/frappe-bench/env/lib/python3.10/site-packages/rq/job.py", line 821, in perform
    self._result = self._execute()
  File "/home/sahil/frappe-11/frappe-bench/env/lib/python3.10/site-packages/rq/job.py", line 844, in _execute
    result = self.func(*self.args, **self.kwargs)
  File "/home/sahil/frappe-11/frappe-bench/apps/frappe/frappe/utils/background_jobs.py", line 160, in execute_job
    method(**kwargs)
  File "/home/sahil/frappe-11/frappe-bench/apps/frappe/frappe/core/doctype/user/user.py", line 1108, in create_contact
    contact.insert(
  File "/home/sahil/frappe-11/frappe-bench/apps/frappe/frappe/model/document.py", line 247, in insert
    self._validate_links()
  File "/home/sahil/frappe-11/frappe-bench/apps/frappe/frappe/model/document.py", line 896, in _validate_links
    frappe.throw(_("Could not find {0}").format(msg), frappe.LinkValidationError)
  File "/home/sahil/frappe-11/frappe-bench/apps/frappe/frappe/__init__.py", line 524, in throw
    msgprint(
  File "/home/sahil/frappe-11/frappe-bench/apps/frappe/frappe/__init__.py", line 492, in msgprint
    _raise_exception()
  File "/home/sahil/frappe-11/frappe-bench/apps/frappe/frappe/__init__.py", line 444, in _raise_exception
    raise raise_exception(msg)
frappe.exceptions.LinkValidationError: Could not find User Id: s@gmail.com
/home/sahil/frappe-11/frappe-bench/apps/frappe/frappe/database/query.py:197: UserWarning: The 'filters_config' hook used to add custom operators is not yet implemented in frappe.db.query engine. Use db_query (frappe.get_list) instead.
  warn(
13:07:15 Traceback (most recent call last):
  File "/home/sahil/frappe-11/frappe-bench/env/lib/python3.10/site-packages/rq/worker.py", line 1061, in perform_job
    rv = job.perform()
  File "/home/sahil/frappe-11/frappe-bench/env/lib/python3.10/site-packages/rq/job.py", line 821, in perform
    self._result = self._execute()
  File "/home/sahil/frappe-11/frappe-bench/env/lib/python3.10/site-packages/rq/job.py", line 844, in _execute
    result = self.func(*self.args, **self.kwargs)
  File "/home/sahil/frappe-11/frappe-bench/apps/frappe/frappe/utils/background_jobs.py", line 160, in execute_job
    method(**kwargs)
  File "/home/sahil/frappe-11/frappe-bench/apps/frappe/frappe/core/doctype/user/user.py", line 1108, in create_contact
    contact.insert(
  File "/home/sahil/frappe-11/frappe-bench/apps/frappe/frappe/model/document.py", line 247, in insert
    self._validate_links()
  File "/home/sahil/frappe-11/frappe-bench/apps/frappe/frappe/model/document.py", line 896, in _validate_links
    frappe.throw(_("Could not find {0}").format(msg), frappe.LinkValidationError)
  File "/home/sahil/frappe-11/frappe-bench/apps/frappe/frappe/__init__.py", line 524, in throw
    msgprint(
  File "/home/sahil/frappe-11/frappe-bench/apps/frappe/frappe/__init__.py", line 492, in msgprint
    _raise_exception()
  File "/home/sahil/frappe-11/frappe-bench/apps/frappe/frappe/__init__.py", line 444, in _raise_exception
    raise raise_exception(msg)
frappe.exceptions.LinkValidationError: Could not find User Id: s@gmail.com
Traceback (most recent call last):
  File "/home/sahil/frappe-11/frappe-bench/env/lib/python3.10/site-packages/rq/worker.py", line 1061, in perform_job
    rv = job.perform()
  File "/home/sahil/frappe-11/frappe-bench/env/lib/python3.10/site-packages/rq/job.py", line 821, in perform
    self._result = self._execute()
  File "/home/sahil/frappe-11/frappe-bench/env/lib/python3.10/site-packages/rq/job.py", line 844, in _execute
    result = self.func(*self.args, **self.kwargs)
  File "/home/sahil/frappe-11/frappe-bench/apps/frappe/frappe/utils/background_jobs.py", line 160, in execute_job
    method(**kwargs)
  File "/home/sahil/frappe-11/frappe-bench/apps/frappe/frappe/core/doctype/user/user.py", line 1108, in create_contact
    contact.insert(
  File "/home/sahil/frappe-11/frappe-bench/apps/frappe/frappe/model/document.py", line 247, in insert
    self._validate_links()
  File "/home/sahil/frappe-11/frappe-bench/apps/frappe/frappe/model/document.py", line 896, in _validate_links
    frappe.throw(_("Could not find {0}").format(msg), frappe.LinkValidationError)
  File "/home/sahil/frappe-11/frappe-bench/apps/frappe/frappe/__init__.py", line 524, in throw
    msgprint(
  File "/home/sahil/frappe-11/frappe-bench/apps/frappe/frappe/__init__.py", line 492, in msgprint
    _raise_exception()
  File "/home/sahil/frappe-11/frappe-bench/apps/frappe/frappe/__init__.py", line 444, in _raise_exception
    raise raise_exception(msg)
frappe.exceptions.LinkValidationError: Could not find User Id: s@gmail.com
/home/sahil/frappe-11/frappe-bench/apps/frappe/frappe/database/query.py:197: UserWarning: The 'filters_config' hook used to add custom operators is not yet implemented in frappe.db.query engine. Use db_query (frappe.get_list) instead.
  warn(
/home/sahil/frappe-11/frappe-bench/apps/frappe/frappe/database/query.py:197: UserWarning: The 'filters_config' hook used to add custom operators is not yet implemented in frappe.db.query engine. Use db_query (frappe.get_list) instead.
  warn(
/home/sahil/frappe-11/frappe-bench/apps/frappe/frappe/database/query.py:197: UserWarning: The 'filters_config' hook used to add custom operators is not yet implemented in frappe.db.query engine. Use db_query (frappe.get_list) instead.
  warn(
/home/sahil/frappe-11/frappe-bench/apps/frappe/frappe/database/query.py:197: UserWarning: The 'filters_config' hook used to add custom operators is not yet implemented in frappe.db.query engine. Use db_query (frappe.get_list) instead.
  warn(
/home/sahil/frappe-11/frappe-bench/apps/frappe/frappe/database/query.py:197: UserWarning: The 'filters_config' hook used to add custom operators is not yet implemented in frappe.db.query engine. Use db_query (frappe.get_list) instead.
  warn(
/home/sahil/frappe-11/frappe-bench/apps/frappe/frappe/database/query.py:197: UserWarning: The 'filters_config' hook used to add custom operators is not yet implemented in frappe.db.query engine. Use db_query (frappe.get_list) instead.
  warn(
/home/sahil/frappe-11/frappe-bench/apps/frappe/frappe/database/query.py:197: UserWarning: The 'filters_config' hook used to add custom operators is not yet implemented in frappe.db.query engine. Use db_query (frappe.get_list) instead.
  warn(
/home/sahil/frappe-11/frappe-bench/apps/frappe/frappe/database/query.py:197: UserWarning: The 'filters_config' hook used to add custom operators is not yet implemented in frappe.db.query engine. Use db_query (frappe.get_list) instead.
  warn(
/home/sahil/frappe-11/frappe-bench/apps/frappe/frappe/database/query.py:197: UserWarning: The 'filters_config' hook used to add custom operators is not yet implemented in frappe.db.query engine. Use db_query (frappe.get_list) instead.
  warn(
/home/sahil/frappe-11/frappe-bench/apps/frappe/frappe/database/query.py:197: UserWarning: The 'filters_config' hook used to add custom operators is not yet implemented in frappe.db.query engine. Use db_query (frappe.get_list) instead.
  warn(
/home/sahil/frappe-11/frappe-bench/apps/frappe/frappe/database/query.py:197: UserWarning: The 'filters_config' hook used to add custom operators is not yet implemented in frappe.db.query engine. Use db_query (frappe.get_list) instead.
  warn(
/home/sahil/frappe-11/frappe-bench/apps/frappe/frappe/database/query.py:197: UserWarning: The 'filters_config' hook used to add custom operators is not yet implemented in frappe.db.query engine. Use db_query (frappe.get_list) instead.
  warn(
/home/sahil/frappe-11/frappe-bench/apps/frappe/frappe/database/query.py:197: UserWarning: The 'filters_config' hook used to add custom operators is not yet implemented in frappe.db.query engine. Use db_query (frappe.get_list) instead.
  warn(
/home/sahil/frappe-11/frappe-bench/apps/frappe/frappe/database/query.py:197: UserWarning: The 'filters_config' hook used to add custom operators is not yet implemented in frappe.db.query engine. Use db_query (frappe.get_list) instead.
  warn(
/home/sahil/frappe-11/frappe-bench/apps/frappe/frappe/database/query.py:197: UserWarning: The 'filters_config' hook used to add custom operators is not yet implemented in frappe.db.query engine. Use db_query (frappe.get_list) instead.
  warn(
/home/sahil/frappe-11/frappe-bench/apps/frappe/frappe/database/query.py:197: UserWarning: The 'filters_config' hook used to add custom operators is not yet implemented in frappe.db.query engine. Use db_query (frappe.get_list) instead.
  warn(
/home/sahil/frappe-11/frappe-bench/apps/frappe/frappe/database/query.py:197: UserWarning: The 'filters_config' hook used to add custom operators is not yet implemented in frappe.db.query engine. Use db_query (frappe.get_list) instead.
  warn(
/home/sahil/frappe-11/frappe-bench/apps/frappe/frappe/database/query.py:197: UserWarning: The 'filters_config' hook used to add custom operators is not yet implemented in frappe.db.query engine. Use db_query (frappe.get_list) instead.
  warn(
/home/sahil/frappe-11/frappe-bench/apps/frappe/frappe/database/query.py:197: UserWarning: The 'filters_config' hook used to add custom operators is not yet implemented in frappe.db.query engine. Use db_query (frappe.get_list) instead.
  warn(
/home/sahil/frappe-11/frappe-bench/apps/frappe/frappe/database/query.py:197: UserWarning: The 'filters_config' hook used to add custom operators is not yet implemented in frappe.db.query engine. Use db_query (frappe.get_list) instead.
  warn(
/home/sahil/frappe-11/frappe-bench/apps/frappe/frappe/database/query.py:197: UserWarning: The 'filters_config' hook used to add custom operators is not yet implemented in frappe.db.query engine. Use db_query (frappe.get_list) instead.
  warn(
/home/sahil/frappe-11/frappe-bench/env/lib/python3.10/site-packages/botocore/httpsession.py:19: DeprecationWarning: 'urllib3.contrib.pyopenssl' module is deprecated and will be removed in a future release of urllib3 2.x. Read more in this issue: https://github.com/urllib3/urllib3/issues/2680
  from urllib3.contrib.pyopenssl import orig_util_SSLContext as SSLContext
/home/sahil/frappe-11/frappe-bench/apps/frappe/frappe/database/query.py:197: UserWarning: The 'filters_config' hook used to add custom operators is not yet implemented in frappe.db.query engine. Use db_query (frappe.get_list) instead.
  warn(
/home/sahil/frappe-11/frappe-bench/apps/frappe/frappe/database/query.py:197: UserWarning: The 'filters_config' hook used to add custom operators is not yet implemented in frappe.db.query engine. Use db_query (frappe.get_list) instead.
  warn(
/home/sahil/frappe-11/frappe-bench/apps/frappe/frappe/database/query.py:197: UserWarning: The 'filters_config' hook used to add custom operators is not yet implemented in frappe.db.query engine. Use db_query (frappe.get_list) instead.
  warn(
/home/sahil/frappe-11/frappe-bench/apps/frappe/frappe/database/query.py:197: UserWarning: The 'filters_config' hook used to add custom operators is not yet implemented in frappe.db.query engine. Use db_query (frappe.get_list) instead.
  warn(
/home/sahil/frappe-11/frappe-bench/apps/frappe/frappe/database/query.py:197: UserWarning: The 'filters_config' hook used to add custom operators is not yet implemented in frappe.db.query engine. Use db_query (frappe.get_list) instead.
  warn(
/home/sahil/frappe-11/frappe-bench/apps/frappe/frappe/database/query.py:197: UserWarning: The 'filters_config' hook used to add custom operators is not yet implemented in frappe.db.query engine. Use db_query (frappe.get_list) instead.
  warn(
/home/sahil/frappe-11/frappe-bench/apps/frappe/frappe/database/query.py:197: UserWarning: The 'filters_config' hook used to add custom operators is not yet implemented in frappe.db.query engine. Use db_query (frappe.get_list) instead.
  warn(
/home/sahil/frappe-11/frappe-bench/env/lib/python3.10/site-packages/botocore/httpsession.py:19: DeprecationWarning: 'urllib3.contrib.pyopenssl' module is deprecated and will be removed in a future release of urllib3 2.x. Read more in this issue: https://github.com/urllib3/urllib3/issues/2680
  from urllib3.contrib.pyopenssl import orig_util_SSLContext as SSLContext
/home/sahil/frappe-11/frappe-bench/apps/frappe/frappe/database/query.py:197: UserWarning: The 'filters_config' hook used to add custom operators is not yet implemented in frappe.db.query engine. Use db_query (frappe.get_list) instead.
  warn(
/home/sahil/frappe-11/frappe-bench/apps/frappe/frappe/database/query.py:197: UserWarning: The 'filters_config' hook used to add custom operators is not yet implemented in frappe.db.query engine. Use db_query (frappe.get_list) instead.
  warn(
/home/sahil/frappe-11/frappe-bench/apps/frappe/frappe/database/query.py:197: UserWarning: The 'filters_config' hook used to add custom operators is not yet implemented in frappe.db.query engine. Use db_query (frappe.get_list) instead.
  warn(
/home/sahil/frappe-11/frappe-bench/apps/frappe/frappe/database/query.py:197: UserWarning: The 'filters_config' hook used to add custom operators is not yet implemented in frappe.db.query engine. Use db_query (frappe.get_list) instead.
  warn(
/home/sahil/frappe-11/frappe-bench/apps/frappe/frappe/database/query.py:197: UserWarning: The 'filters_config' hook used to add custom operators is not yet implemented in frappe.db.query engine. Use db_query (frappe.get_list) instead.
  warn(
/home/sahil/frappe-11/frappe-bench/apps/frappe/frappe/database/query.py:197: UserWarning: The 'filters_config' hook used to add custom operators is not yet implemented in frappe.db.query engine. Use db_query (frappe.get_list) instead.
  warn(
/home/sahil/frappe-11/frappe-bench/apps/frappe/frappe/database/query.py:197: UserWarning: The 'filters_config' hook used to add custom operators is not yet implemented in frappe.db.query engine. Use db_query (frappe.get_list) instead.
  warn(
/home/sahil/frappe-11/frappe-bench/apps/frappe/frappe/database/query.py:197: UserWarning: The 'filters_config' hook used to add custom operators is not yet implemented in frappe.db.query engine. Use db_query (frappe.get_list) instead.
  warn(
/home/sahil/frappe-11/frappe-bench/env/lib/python3.10/site-packages/botocore/httpsession.py:19: DeprecationWarning: 'urllib3.contrib.pyopenssl' module is deprecated and will be removed in a future release of urllib3 2.x. Read more in this issue: https://github.com/urllib3/urllib3/issues/2680
  from urllib3.contrib.pyopenssl import orig_util_SSLContext as SSLContext
/home/sahil/frappe-11/frappe-bench/apps/frappe/frappe/database/query.py:197: UserWarning: The 'filters_config' hook used to add custom operators is not yet implemented in frappe.db.query engine. Use db_query (frappe.get_list) instead.
  warn(
/home/sahil/frappe-11/frappe-bench/apps/frappe/frappe/database/query.py:197: UserWarning: The 'filters_config' hook used to add custom operators is not yet implemented in frappe.db.query engine. Use db_query (frappe.get_list) instead.
  warn(
/home/sahil/frappe-11/frappe-bench/apps/frappe/frappe/database/query.py:197: UserWarning: The 'filters_config' hook used to add custom operators is not yet implemented in frappe.db.query engine. Use db_query (frappe.get_list) instead.
  warn(
/home/sahil/frappe-11/frappe-bench/apps/frappe/frappe/database/query.py:197: UserWarning: The 'filters_config' hook used to add custom operators is not yet implemented in frappe.db.query engine. Use db_query (frappe.get_list) instead.
  warn(
/home/sahil/frappe-11/frappe-bench/apps/frappe/frappe/database/query.py:197: UserWarning: The 'filters_config' hook used to add custom operators is not yet implemented in frappe.db.query engine. Use db_query (frappe.get_list) instead.
  warn(
/home/sahil/frappe-11/frappe-bench/apps/frappe/frappe/database/query.py:197: UserWarning: The 'filters_config' hook used to add custom operators is not yet implemented in frappe.db.query engine. Use db_query (frappe.get_list) instead.
  warn(
/home/sahil/frappe-11/frappe-bench/apps/frappe/frappe/database/query.py:197: UserWarning: The 'filters_config' hook used to add custom operators is not yet implemented in frappe.db.query engine. Use db_query (frappe.get_list) instead.
  warn(
/home/sahil/frappe-11/frappe-bench/apps/frappe/frappe/database/query.py:197: UserWarning: The 'filters_config' hook used to add custom operators is not yet implemented in frappe.db.query engine. Use db_query (frappe.get_list) instead.
  warn(
/home/sahil/frappe-11/frappe-bench/apps/frappe/frappe/database/query.py:197: UserWarning: The 'filters_config' hook used to add custom operators is not yet implemented in frappe.db.query engine. Use db_query (frappe.get_list) instead.
  warn(
/home/sahil/frappe-11/frappe-bench/apps/frappe/frappe/database/query.py:197: UserWarning: The 'filters_config' hook used to add custom operators is not yet implemented in frappe.db.query engine. Use db_query (frappe.get_list) instead.
  warn(
/home/sahil/frappe-11/frappe-bench/apps/frappe/frappe/database/query.py:197: UserWarning: The 'filters_config' hook used to add custom operators is not yet implemented in frappe.db.query engine. Use db_query (frappe.get_list) instead.
  warn(
/home/sahil/frappe-11/frappe-bench/apps/frappe/frappe/database/query.py:197: UserWarning: The 'filters_config' hook used to add custom operators is not yet implemented in frappe.db.query engine. Use db_query (frappe.get_list) instead.
  warn(
/home/sahil/frappe-11/frappe-bench/apps/frappe/frappe/database/query.py:197: UserWarning: The 'filters_config' hook used to add custom operators is not yet implemented in frappe.db.query engine. Use db_query (frappe.get_list) instead.
  warn(
/home/sahil/frappe-11/frappe-bench/apps/frappe/frappe/database/query.py:197: UserWarning: The 'filters_config' hook used to add custom operators is not yet implemented in frappe.db.query engine. Use db_query (frappe.get_list) instead.
  warn(
/home/sahil/frappe-11/frappe-bench/apps/frappe/frappe/database/query.py:197: UserWarning: The 'filters_config' hook used to add custom operators is not yet implemented in frappe.db.query engine. Use db_query (frappe.get_list) instead.
  warn(
/home/sahil/frappe-11/frappe-bench/apps/frappe/frappe/database/query.py:197: UserWarning: The 'filters_config' hook used to add custom operators is not yet implemented in frappe.db.query engine. Use db_query (frappe.get_list) instead.
  warn(
/home/sahil/frappe-11/frappe-bench/apps/frappe/frappe/database/query.py:197: UserWarning: The 'filters_config' hook used to add custom operators is not yet implemented in frappe.db.query engine. Use db_query (frappe.get_list) instead.
  warn(
/home/sahil/frappe-11/frappe-bench/apps/frappe/frappe/database/query.py:197: UserWarning: The 'filters_config' hook used to add custom operators is not yet implemented in frappe.db.query engine. Use db_query (frappe.get_list) instead.
  warn(
/home/sahil/frappe-11/frappe-bench/apps/frappe/frappe/database/query.py:197: UserWarning: The 'filters_config' hook used to add custom operators is not yet implemented in frappe.db.query engine. Use db_query (frappe.get_list) instead.
  warn(
/home/sahil/frappe-11/frappe-bench/apps/frappe/frappe/database/query.py:197: UserWarning: The 'filters_config' hook used to add custom operators is not yet implemented in frappe.db.query engine. Use db_query (frappe.get_list) instead.
  warn(
/home/sahil/frappe-11/frappe-bench/apps/frappe/frappe/database/query.py:197: UserWarning: The 'filters_config' hook used to add custom operators is not yet implemented in frappe.db.query engine. Use db_query (frappe.get_list) instead.
  warn(
/home/sahil/frappe-11/frappe-bench/apps/frappe/frappe/database/query.py:197: UserWarning: The 'filters_config' hook used to add custom operators is not yet implemented in frappe.db.query engine. Use db_query (frappe.get_list) instead.
  warn(
/home/sahil/frappe-11/frappe-bench/apps/frappe/frappe/database/query.py:197: UserWarning: The 'filters_config' hook used to add custom operators is not yet implemented in frappe.db.query engine. Use db_query (frappe.get_list) instead.
  warn(
/home/sahil/frappe-11/frappe-bench/apps/frappe/frappe/database/query.py:197: UserWarning: The 'filters_config' hook used to add custom operators is not yet implemented in frappe.db.query engine. Use db_query (frappe.get_list) instead.
  warn(
/home/sahil/frappe-11/frappe-bench/apps/frappe/frappe/database/query.py:197: UserWarning: The 'filters_config' hook used to add custom operators is not yet implemented in frappe.db.query engine. Use db_query (frappe.get_list) instead.
  warn(
/home/sahil/frappe-11/frappe-bench/apps/frappe/frappe/database/query.py:197: UserWarning: The 'filters_config' hook used to add custom operators is not yet implemented in frappe.db.query engine. Use db_query (frappe.get_list) instead.
  warn(
/home/sahil/frappe-11/frappe-bench/apps/frappe/frappe/database/query.py:197: UserWarning: The 'filters_config' hook used to add custom operators is not yet implemented in frappe.db.query engine. Use db_query (frappe.get_list) instead.
  warn(
/home/sahil/frappe-11/frappe-bench/apps/frappe/frappe/database/query.py:197: UserWarning: The 'filters_config' hook used to add custom operators is not yet implemented in frappe.db.query engine. Use db_query (frappe.get_list) instead.
  warn(
/home/sahil/frappe-11/frappe-bench/apps/frappe/frappe/database/query.py:197: UserWarning: The 'filters_config' hook used to add custom operators is not yet implemented in frappe.db.query engine. Use db_query (frappe.get_list) instead.
  warn(
/home/sahil/frappe-11/frappe-bench/apps/frappe/frappe/database/query.py:197: UserWarning: The 'filters_config' hook used to add custom operators is not yet implemented in frappe.db.query engine. Use db_query (frappe.get_list) instead.
  warn(
/home/sahil/frappe-11/frappe-bench/apps/frappe/frappe/database/query.py:197: UserWarning: The 'filters_config' hook used to add custom operators is not yet implemented in frappe.db.query engine. Use db_query (frappe.get_list) instead.
  warn(
/home/sahil/frappe-11/frappe-bench/apps/frappe/frappe/database/query.py:197: UserWarning: The 'filters_config' hook used to add custom operators is not yet implemented in frappe.db.query engine. Use db_query (frappe.get_list) instead.
  warn(
/home/sahil/frappe-11/frappe-bench/apps/frappe/frappe/database/query.py:197: UserWarning: The 'filters_config' hook used to add custom operators is not yet implemented in frappe.db.query engine. Use db_query (frappe.get_list) instead.
  warn(
/home/sahil/frappe-11/frappe-bench/apps/frappe/frappe/database/query.py:197: UserWarning: The 'filters_config' hook used to add custom operators is not yet implemented in frappe.db.query engine. Use db_query (frappe.get_list) instead.
  warn(
/home/sahil/frappe-11/frappe-bench/apps/frappe/frappe/database/query.py:197: UserWarning: The 'filters_config' hook used to add custom operators is not yet implemented in frappe.db.query engine. Use db_query (frappe.get_list) instead.
  warn(
/home/sahil/frappe-11/frappe-bench/apps/frappe/frappe/database/query.py:197: UserWarning: The 'filters_config' hook used to add custom operators is not yet implemented in frappe.db.query engine. Use db_query (frappe.get_list) instead.
  warn(
/home/sahil/frappe-11/frappe-bench/apps/frappe/frappe/database/query.py:197: UserWarning: The 'filters_config' hook used to add custom operators is not yet implemented in frappe.db.query engine. Use db_query (frappe.get_list) instead.
  warn(
/home/sahil/frappe-11/frappe-bench/apps/frappe/frappe/database/query.py:197: UserWarning: The 'filters_config' hook used to add custom operators is not yet implemented in frappe.db.query engine. Use db_query (frappe.get_list) instead.
  warn(
/home/sahil/frappe-11/frappe-bench/apps/frappe/frappe/database/query.py:197: UserWarning: The 'filters_config' hook used to add custom operators is not yet implemented in frappe.db.query engine. Use db_query (frappe.get_list) instead.
  warn(
/home/sahil/frappe-11/frappe-bench/apps/frappe/frappe/database/query.py:197: UserWarning: The 'filters_config' hook used to add custom operators is not yet implemented in frappe.db.query engine. Use db_query (frappe.get_list) instead.
  warn(
/home/sahil/frappe-11/frappe-bench/apps/frappe/frappe/database/query.py:197: UserWarning: The 'filters_config' hook used to add custom operators is not yet implemented in frappe.db.query engine. Use db_query (frappe.get_list) instead.
  warn(
/home/sahil/frappe-11/frappe-bench/apps/frappe/frappe/database/query.py:197: UserWarning: The 'filters_config' hook used to add custom operators is not yet implemented in frappe.db.query engine. Use db_query (frappe.get_list) instead.
  warn(
/home/sahil/frappe-11/frappe-bench/apps/frappe/frappe/database/query.py:197: UserWarning: The 'filters_config' hook used to add custom operators is not yet implemented in frappe.db.query engine. Use db_query (frappe.get_list) instead.
  warn(
/home/sahil/frappe-11/frappe-bench/apps/frappe/frappe/database/query.py:197: UserWarning: The 'filters_config' hook used to add custom operators is not yet implemented in frappe.db.query engine. Use db_query (frappe.get_list) instead.
  warn(
/home/sahil/frappe-11/frappe-bench/apps/frappe/frappe/database/query.py:197: UserWarning: The 'filters_config' hook used to add custom operators is not yet implemented in frappe.db.query engine. Use db_query (frappe.get_list) instead.
  warn(
/home/sahil/frappe-11/frappe-bench/apps/frappe/frappe/database/query.py:197: UserWarning: The 'filters_config' hook used to add custom operators is not yet implemented in frappe.db.query engine. Use db_query (frappe.get_list) instead.
  warn(
/home/sahil/frappe-11/frappe-bench/apps/frappe/frappe/database/query.py:197: UserWarning: The 'filters_config' hook used to add custom operators is not yet implemented in frappe.db.query engine. Use db_query (frappe.get_list) instead.
  warn(
/home/sahil/frappe-11/frappe-bench/apps/frappe/frappe/database/query.py:197: UserWarning: The 'filters_config' hook used to add custom operators is not yet implemented in frappe.db.query engine. Use db_query (frappe.get_list) instead.
  warn(
/home/sahil/frappe-11/frappe-bench/apps/frappe/frappe/database/query.py:197: UserWarning: The 'filters_config' hook used to add custom operators is not yet implemented in frappe.db.query engine. Use db_query (frappe.get_list) instead.
  warn(
/home/sahil/frappe-11/frappe-bench/apps/frappe/frappe/database/query.py:197: UserWarning: The 'filters_config' hook used to add custom operators is not yet implemented in frappe.db.query engine. Use db_query (frappe.get_list) instead.
  warn(
/home/sahil/frappe-11/frappe-bench/apps/frappe/frappe/database/query.py:197: UserWarning: The 'filters_config' hook used to add custom operators is not yet implemented in frappe.db.query engine. Use db_query (frappe.get_list) instead.
  warn(
/home/sahil/frappe-11/frappe-bench/apps/frappe/frappe/database/query.py:197: UserWarning: The 'filters_config' hook used to add custom operators is not yet implemented in frappe.db.query engine. Use db_query (frappe.get_list) instead.
  warn(
/home/sahil/frappe-11/frappe-bench/apps/frappe/frappe/database/query.py:197: UserWarning: The 'filters_config' hook used to add custom operators is not yet implemented in frappe.db.query engine. Use db_query (frappe.get_list) instead.
  warn(
/home/sahil/frappe-11/frappe-bench/apps/frappe/frappe/database/query.py:197: UserWarning: The 'filters_config' hook used to add custom operators is not yet implemented in frappe.db.query engine. Use db_query (frappe.get_list) instead.
  warn(
/home/sahil/frappe-11/frappe-bench/apps/frappe/frappe/database/query.py:197: UserWarning: The 'filters_config' hook used to add custom operators is not yet implemented in frappe.db.query engine. Use db_query (frappe.get_list) instead.
  warn(
/home/sahil/frappe-11/frappe-bench/apps/frappe/frappe/database/query.py:197: UserWarning: The 'filters_config' hook used to add custom operators is not yet implemented in frappe.db.query engine. Use db_query (frappe.get_list) instead.
  warn(
/home/sahil/frappe-11/frappe-bench/apps/frappe/frappe/database/query.py:197: UserWarning: The 'filters_config' hook used to add custom operators is not yet implemented in frappe.db.query engine. Use db_query (frappe.get_list) instead.
  warn(
/home/sahil/frappe-11/frappe-bench/apps/frappe/frappe/database/query.py:197: UserWarning: The 'filters_config' hook used to add custom operators is not yet implemented in frappe.db.query engine. Use db_query (frappe.get_list) instead.
  warn(
/home/sahil/frappe-11/frappe-bench/apps/frappe/frappe/database/query.py:197: UserWarning: The 'filters_config' hook used to add custom operators is not yet implemented in frappe.db.query engine. Use db_query (frappe.get_list) instead.
  warn(
/home/sahil/frappe-11/frappe-bench/apps/frappe/frappe/database/query.py:197: UserWarning: The 'filters_config' hook used to add custom operators is not yet implemented in frappe.db.query engine. Use db_query (frappe.get_list) instead.
  warn(
/home/sahil/frappe-11/frappe-bench/apps/frappe/frappe/database/query.py:197: UserWarning: The 'filters_config' hook used to add custom operators is not yet implemented in frappe.db.query engine. Use db_query (frappe.get_list) instead.
  warn(
/home/sahil/frappe-11/frappe-bench/apps/frappe/frappe/database/query.py:197: UserWarning: The 'filters_config' hook used to add custom operators is not yet implemented in frappe.db.query engine. Use db_query (frappe.get_list) instead.
  warn(
/home/sahil/frappe-11/frappe-bench/apps/frappe/frappe/database/query.py:197: UserWarning: The 'filters_config' hook used to add custom operators is not yet implemented in frappe.db.query engine. Use db_query (frappe.get_list) instead.
  warn(
/home/sahil/frappe-11/frappe-bench/apps/frappe/frappe/database/query.py:197: UserWarning: The 'filters_config' hook used to add custom operators is not yet implemented in frappe.db.query engine. Use db_query (frappe.get_list) instead.
  warn(
/home/sahil/frappe-11/frappe-bench/apps/frappe/frappe/database/query.py:197: UserWarning: The 'filters_config' hook used to add custom operators is not yet implemented in frappe.db.query engine. Use db_query (frappe.get_list) instead.
  warn(
/home/sahil/frappe-11/frappe-bench/apps/frappe/frappe/database/query.py:197: UserWarning: The 'filters_config' hook used to add custom operators is not yet implemented in frappe.db.query engine. Use db_query (frappe.get_list) instead.
  warn(
/home/sahil/frappe-11/frappe-bench/apps/frappe/frappe/database/query.py:197: UserWarning: The 'filters_config' hook used to add custom operators is not yet implemented in frappe.db.query engine. Use db_query (frappe.get_list) instead.
  warn(
/home/sahil/frappe-11/frappe-bench/apps/frappe/frappe/database/query.py:197: UserWarning: The 'filters_config' hook used to add custom operators is not yet implemented in frappe.db.query engine. Use db_query (frappe.get_list) instead.
  warn(
/home/sahil/frappe-11/frappe-bench/apps/frappe/frappe/database/query.py:197: UserWarning: The 'filters_config' hook used to add custom operators is not yet implemented in frappe.db.query engine. Use db_query (frappe.get_list) instead.
  warn(
/home/sahil/frappe-11/frappe-bench/apps/frappe/frappe/database/query.py:197: UserWarning: The 'filters_config' hook used to add custom operators is not yet implemented in frappe.db.query engine. Use db_query (frappe.get_list) instead.
  warn(
/home/sahil/frappe-11/frappe-bench/apps/frappe/frappe/database/query.py:197: UserWarning: The 'filters_config' hook used to add custom operators is not yet implemented in frappe.db.query engine. Use db_query (frappe.get_list) instead.
  warn(
Exception in thread Thread-1:
Traceback (most recent call last):
  File "/usr/lib/python3.10/threading.py", line 1009, in _bootstrap_inner
Exception in thread Thread-1:
Traceback (most recent call last):
  File "/usr/lib/python3.10/threading.py", line 1009, in _bootstrap_inner
Exception in thread Thread-1:
Traceback (most recent call last):
  File "/usr/lib/python3.10/threading.py", line 1009, in _bootstrap_inner
    self.run()
  File "/home/sahil/frappe-11/frappe-bench/env/lib/python3.10/site-packages/redis/client.py", line 3718, in run
    self.run()
  File "/home/sahil/frappe-11/frappe-bench/env/lib/python3.10/site-packages/redis/client.py", line 3718, in run
    pubsub.get_message(ignore_subscribe_messages=True,
  File "/home/sahil/frappe-11/frappe-bench/env/lib/python3.10/site-packages/redis/client.py", line 3617, in get_message
    pubsub.get_message(ignore_subscribe_messages=True,
  File "/home/sahil/frappe-11/frappe-bench/env/lib/python3.10/site-packages/redis/client.py", line 3617, in get_message
    response = self.parse_response(block=False, timeout=timeout)
  File "/home/sahil/frappe-11/frappe-bench/env/lib/python3.10/site-packages/redis/client.py", line 3503, in parse_response
    response = self.parse_response(block=False, timeout=timeout)
  File "/home/sahil/frappe-11/frappe-bench/env/lib/python3.10/site-packages/redis/client.py", line 3503, in parse_response
    if not block and not conn.can_read(timeout=timeout):
  File "/home/sahil/frappe-11/frappe-bench/env/lib/python3.10/site-packages/redis/connection.py", line 734, in can_read
    if not block and not conn.can_read(timeout=timeout):
  File "/home/sahil/frappe-11/frappe-bench/env/lib/python3.10/site-packages/redis/connection.py", line 734, in can_read
    return self._parser.can_read(timeout)
  File "/home/sahil/frappe-11/frappe-bench/env/lib/python3.10/site-packages/redis/connection.py", line 416, in can_read
    return self.read_from_socket(timeout=timeout,
      File "/home/sahil/frappe-11/frappe-bench/env/lib/python3.10/site-packages/redis/connection.py", line 429, in read_from_socket
return self._parser.can_read(timeout)
  File "/home/sahil/frappe-11/frappe-bench/env/lib/python3.10/site-packages/redis/connection.py", line 416, in can_read
    raise ConnectionError(SERVER_CLOSED_CONNECTION_ERROR)    
return self.read_from_socket(timeout=timeout,
redis.exceptions  File "/home/sahil/frappe-11/frappe-bench/env/lib/python3.10/site-packages/redis/connection.py", line 429, in read_from_socket
.ConnectionError: Connection closed by server.
    raise ConnectionError(SERVER_CLOSED_CONNECTION_ERROR)
redis.exceptions.ConnectionError: Connection closed by server.
    self.run()
  File "/home/sahil/frappe-11/frappe-bench/env/lib/python3.10/site-packages/redis/client.py", line 3718, in run
    pubsub.get_message(ignore_subscribe_messages=True,
  File "/home/sahil/frappe-11/frappe-bench/env/lib/python3.10/site-packages/redis/client.py", line 3617, in get_message
    response = self.parse_response(block=False, timeout=timeout)
  File "/home/sahil/frappe-11/frappe-bench/env/lib/python3.10/site-packages/redis/client.py", line 3503, in parse_response
    if not block and not conn.can_read(timeout=timeout):
  File "/home/sahil/frappe-11/frappe-bench/env/lib/python3.10/site-packages/redis/connection.py", line 734, in can_read
    return self._parser.can_read(timeout)
  File "/home/sahil/frappe-11/frappe-bench/env/lib/python3.10/site-packages/redis/connection.py", line 416, in can_read
    return self.read_from_socket(timeout=timeout,
  File "/home/sahil/frappe-11/frappe-bench/env/lib/python3.10/site-packages/redis/connection.py", line 429, in read_from_socket
    raise ConnectionError(SERVER_CLOSED_CONNECTION_ERROR)
redis.exceptions.ConnectionError: Connection closed by server.
13:15:29 Traceback (most recent call last):
  File "/home/sahil/frappe-11/frappe-bench/env/lib/python3.10/site-packages/redis/connection.py", line 1198, in get_connection
    if connection.can_read():
  File "/home/sahil/frappe-11/frappe-bench/env/lib/python3.10/site-packages/redis/connection.py", line 734, in can_read
    return self._parser.can_read(timeout)
  File "/home/sahil/frappe-11/frappe-bench/env/lib/python3.10/site-packages/redis/connection.py", line 416, in can_read
    return self.read_from_socket(timeout=timeout,
  File "/home/sahil/frappe-11/frappe-bench/env/lib/python3.10/site-packages/redis/connection.py", line 429, in read_from_socket
    raise ConnectionError(SERVER_CLOSED_CONNECTION_ERROR)
redis.exceptions.ConnectionError: Connection closed by server.

During handling of the above exception, another exception occurred:

Traceback (most recent call last):
  File "/home/sahil/frappe-11/frappe-bench/env/lib/python3.10/site-packages/redis/connection.py", line 559, in connect
    sock = self._connect()
  File "/home/sahil/frappe-11/frappe-bench/env/lib/python3.10/site-packages/redis/connection.py", line 615, in _connect
    raise err
  File "/home/sahil/frappe-11/frappe-bench/env/lib/python3.10/site-packages/redis/connection.py", line 603, in _connect
    sock.connect(socket_address)
ConnectionRefusedError: [Errno 111] Connection refused

During handling of the above exception, another exception occurred:

Traceback (most recent call last):
  File "/home/sahil/frappe-11/frappe-bench/env/lib/python3.10/site-packages/rq/worker.py", line 1072, in perform_job
    self.handle_job_success(job=job,
  File "/home/sahil/frappe-11/frappe-bench/env/lib/python3.10/site-packages/rq/worker.py", line 1003, in handle_job_success
    pipeline.watch(job.dependents_key)
  File "/home/sahil/frappe-11/frappe-bench/env/lib/python3.10/site-packages/redis/client.py", line 4041, in watch
    return self.execute_command('WATCH', *names)
  File "/home/sahil/frappe-11/frappe-bench/env/lib/python3.10/site-packages/redis/client.py", line 3822, in execute_command
    return self.immediate_execute_command(*args, **kwargs)
  File "/home/sahil/frappe-11/frappe-bench/env/lib/python3.10/site-packages/redis/client.py", line 3836, in immediate_execute_command
    conn = self.connection_pool.get_connection(command_name,
  File "/home/sahil/frappe-11/frappe-bench/env/lib/python3.10/site-packages/redis/connection.py", line 1202, in get_connection
    connection.connect()
  File "/home/sahil/frappe-11/frappe-bench/env/lib/python3.10/site-packages/redis/connection.py", line 563, in connect
    raise ConnectionError(self._error_message(e))
redis.exceptions.ConnectionError: Error 111 connecting to localhost:11000. Connection refused.
Traceback (most recent call last):
  File "/home/sahil/frappe-11/frappe-bench/env/lib/python3.10/site-packages/redis/connection.py", line 1198, in get_connection
    if connection.can_read():
  File "/home/sahil/frappe-11/frappe-bench/env/lib/python3.10/site-packages/redis/connection.py", line 734, in can_read
    return self._parser.can_read(timeout)
  File "/home/sahil/frappe-11/frappe-bench/env/lib/python3.10/site-packages/redis/connection.py", line 416, in can_read
    return self.read_from_socket(timeout=timeout,
  File "/home/sahil/frappe-11/frappe-bench/env/lib/python3.10/site-packages/redis/connection.py", line 429, in read_from_socket
    raise ConnectionError(SERVER_CLOSED_CONNECTION_ERROR)
redis.exceptions.ConnectionError: Connection closed by server.

During handling of the above exception, another exception occurred:

Traceback (most recent call last):
  File "/home/sahil/frappe-11/frappe-bench/env/lib/python3.10/site-packages/redis/connection.py", line 559, in connect
    sock = self._connect()
  File "/home/sahil/frappe-11/frappe-bench/env/lib/python3.10/site-packages/redis/connection.py", line 615, in _connect
    raise err
  File "/home/sahil/frappe-11/frappe-bench/env/lib/python3.10/site-packages/redis/connection.py", line 603, in _connect
    sock.connect(socket_address)
ConnectionRefusedError: [Errno 111] Connection refused

During handling of the above exception, another exception occurred:

Traceback (most recent call last):
  File "/home/sahil/frappe-11/frappe-bench/env/lib/python3.10/site-packages/rq/worker.py", line 1072, in perform_job
    self.handle_job_success(job=job,
  File "/home/sahil/frappe-11/frappe-bench/env/lib/python3.10/site-packages/rq/worker.py", line 1003, in handle_job_success
    pipeline.watch(job.dependents_key)
  File "/home/sahil/frappe-11/frappe-bench/env/lib/python3.10/site-packages/redis/client.py", line 4041, in watch
    return self.execute_command('WATCH', *names)
  File "/home/sahil/frappe-11/frappe-bench/env/lib/python3.10/site-packages/redis/client.py", line 3822, in execute_command
    return self.immediate_execute_command(*args, **kwargs)
  File "/home/sahil/frappe-11/frappe-bench/env/lib/python3.10/site-packages/redis/client.py", line 3836, in immediate_execute_command
    conn = self.connection_pool.get_connection(command_name,
  File "/home/sahil/frappe-11/frappe-bench/env/lib/python3.10/site-packages/redis/connection.py", line 1202, in get_connection
    connection.connect()
  File "/home/sahil/frappe-11/frappe-bench/env/lib/python3.10/site-packages/redis/connection.py", line 563, in connect
    raise ConnectionError(self._error_message(e))
redis.exceptions.ConnectionError: Error 111 connecting to localhost:11000. Connection refused.
13:15:29 Worker rq:worker:a5cf4586551a4d8bbe47b786eae624ad.sahil-MS-7A15.55622.home-sahil-frappe-11-frappe-bench:default: found an unhandled exception, quitting...
Traceback (most recent call last):
  File "/home/sahil/frappe-11/frappe-bench/env/lib/python3.10/site-packages/redis/connection.py", line 1198, in get_connection
    if connection.can_read():
  File "/home/sahil/frappe-11/frappe-bench/env/lib/python3.10/site-packages/redis/connection.py", line 734, in can_read
    return self._parser.can_read(timeout)
  File "/home/sahil/frappe-11/frappe-bench/env/lib/python3.10/site-packages/redis/connection.py", line 416, in can_read
    return self.read_from_socket(timeout=timeout,
  File "/home/sahil/frappe-11/frappe-bench/env/lib/python3.10/site-packages/redis/connection.py", line 429, in read_from_socket
    raise ConnectionError(SERVER_CLOSED_CONNECTION_ERROR)
redis.exceptions.ConnectionError: Connection closed by server.

During handling of the above exception, another exception occurred:

Traceback (most recent call last):
  File "/home/sahil/frappe-11/frappe-bench/env/lib/python3.10/site-packages/redis/connection.py", line 559, in connect
    sock = self._connect()
  File "/home/sahil/frappe-11/frappe-bench/env/lib/python3.10/site-packages/redis/connection.py", line 615, in _connect
    raise err
  File "/home/sahil/frappe-11/frappe-bench/env/lib/python3.10/site-packages/redis/connection.py", line 603, in _connect
    sock.connect(socket_address)
ConnectionRefusedError: [Errno 111] Connection refused

During handling of the above exception, another exception occurred:

Traceback (most recent call last):
  File "/home/sahil/frappe-11/frappe-bench/env/lib/python3.10/site-packages/rq/worker.py", line 606, in work
    self.execute_job(job, queue)
  File "/home/sahil/frappe-11/frappe-bench/env/lib/python3.10/site-packages/rq/worker.py", line 867, in execute_job
    self.monitor_work_horse(job, queue)
  File "/home/sahil/frappe-11/frappe-bench/env/lib/python3.10/site-packages/rq/worker.py", line 827, in monitor_work_horse
    self.set_current_job_working_time(0)
  File "/home/sahil/frappe-11/frappe-bench/env/lib/python3.10/site-packages/rq/worker.py", line 393, in set_current_job_working_time
    connection.hset(self.key, 'current_job_working_time', current_job_working_time)
  File "/home/sahil/frappe-11/frappe-bench/env/lib/python3.10/site-packages/redis/client.py", line 3050, in hset
    return self.execute_command('HSET', name, *items)
  File "/home/sahil/frappe-11/frappe-bench/env/lib/python3.10/site-packages/redis/client.py", line 898, in execute_command
    conn = self.connection or pool.get_connection(command_name, **options)
  File "/home/sahil/frappe-11/frappe-bench/env/lib/python3.10/site-packages/redis/connection.py", line 1202, in get_connection
    connection.connect()
  File "/home/sahil/frappe-11/frappe-bench/env/lib/python3.10/site-packages/redis/connection.py", line 563, in connect
    raise ConnectionError(self._error_message(e))
redis.exceptions.ConnectionError: Error 111 connecting to localhost:11000. Connection refused.
Traceback (most recent call last):
  File "/home/sahil/frappe-11/frappe-bench/env/lib/python3.10/site-packages/redis/connection.py", line 559, in connect
    sock = self._connect()
  File "/home/sahil/frappe-11/frappe-bench/env/lib/python3.10/site-packages/redis/connection.py", line 615, in _connect
    raise err
  File "/home/sahil/frappe-11/frappe-bench/env/lib/python3.10/site-packages/redis/connection.py", line 603, in _connect
    sock.connect(socket_address)
ConnectionRefusedError: [Errno 111] Connection refused

During handling of the above exception, another exception occurred:

Traceback (most recent call last):
  File "/usr/lib/python3.10/runpy.py", line 196, in _run_module_as_main
    return _run_code(code, main_globals, None,
  File "/usr/lib/python3.10/runpy.py", line 86, in _run_code
    exec(code, run_globals)
  File "/home/sahil/frappe-11/frappe-bench/apps/frappe/frappe/utils/bench_helper.py", line 109, in <module>
    main()
  File "/home/sahil/frappe-11/frappe-bench/apps/frappe/frappe/utils/bench_helper.py", line 18, in main
    click.Group(commands=commands)(prog_name="bench")
  File "/home/sahil/frappe-11/frappe-bench/env/lib/python3.10/site-packages/click/core.py", line 829, in __call__
    return self.main(*args, **kwargs)
  File "/home/sahil/frappe-11/frappe-bench/env/lib/python3.10/site-packages/click/core.py", line 782, in main
    rv = self.invoke(ctx)
  File "/home/sahil/frappe-11/frappe-bench/env/lib/python3.10/site-packages/click/core.py", line 1259, in invoke
    return _process_result(sub_ctx.command.invoke(sub_ctx))
  File "/home/sahil/frappe-11/frappe-bench/env/lib/python3.10/site-packages/click/core.py", line 1259, in invoke
    return _process_result(sub_ctx.command.invoke(sub_ctx))
  File "/home/sahil/frappe-11/frappe-bench/env/lib/python3.10/site-packages/click/core.py", line 1066, in invoke
    return ctx.invoke(self.callback, **ctx.params)
  File "/home/sahil/frappe-11/frappe-bench/env/lib/python3.10/site-packages/click/core.py", line 610, in invoke
    return callback(*args, **kwargs)
  File "/home/sahil/frappe-11/frappe-bench/apps/frappe/frappe/commands/scheduler.py", line 189, in start_worker
    start_worker(queue, quiet=quiet, rq_username=rq_username, rq_password=rq_password)
  File "/home/sahil/frappe-11/frappe-bench/apps/frappe/frappe/utils/background_jobs.py", line 218, in start_worker
    Worker(queues, name=get_worker_name(queue_name)).work(logging_level=logging_level)
  File "/home/sahil/frappe-11/frappe-bench/env/lib/python3.10/site-packages/rq/worker.py", line 637, in work
    self.register_death()
  File "/home/sahil/frappe-11/frappe-bench/env/lib/python3.10/site-packages/rq/worker.py", line 337, in register_death
    p.execute()
  File "/home/sahil/frappe-11/frappe-bench/env/lib/python3.10/site-packages/redis/client.py", line 4012, in execute
    conn = self.connection_pool.get_connection('MULTI',
  File "/home/sahil/frappe-11/frappe-bench/env/lib/python3.10/site-packages/redis/connection.py", line 1192, in get_connection
    connection.connect()
  File "/home/sahil/frappe-11/frappe-bench/env/lib/python3.10/site-packages/redis/connection.py", line 563, in connect
    raise ConnectionError(self._error_message(e))
redis.exceptions.ConnectionError: Error 111 connecting to localhost:11000. Connection refused.
/home/sahil/frappe-11/frappe-bench/apps/frappe/frappe/database/query.py:197: UserWarning: The 'filters_config' hook used to add custom operators is not yet implemented in frappe.db.query engine. Use db_query (frappe.get_list) instead.
  warn(
/home/sahil/frappe-11/frappe-bench/apps/frappe/frappe/database/query.py:197: UserWarning: The 'filters_config' hook used to add custom operators is not yet implemented in frappe.db.query engine. Use db_query (frappe.get_list) instead.
  warn(
/home/sahil/frappe-11/frappe-bench/apps/frappe/frappe/database/query.py:197: UserWarning: The 'filters_config' hook used to add custom operators is not yet implemented in frappe.db.query engine. Use db_query (frappe.get_list) instead.
  warn(
/home/sahil/frappe-11/frappe-bench/apps/frappe/frappe/database/query.py:197: UserWarning: The 'filters_config' hook used to add custom operators is not yet implemented in frappe.db.query engine. Use db_query (frappe.get_list) instead.
  warn(
/home/sahil/frappe-11/frappe-bench/apps/frappe/frappe/database/query.py:197: UserWarning: The 'filters_config' hook used to add custom operators is not yet implemented in frappe.db.query engine. Use db_query (frappe.get_list) instead.
  warn(
/home/sahil/frappe-11/frappe-bench/apps/frappe/frappe/database/query.py:197: UserWarning: The 'filters_config' hook used to add custom operators is not yet implemented in frappe.db.query engine. Use db_query (frappe.get_list) instead.
  warn(
/home/sahil/frappe-11/frappe-bench/apps/frappe/frappe/database/query.py:197: UserWarning: The 'filters_config' hook used to add custom operators is not yet implemented in frappe.db.query engine. Use db_query (frappe.get_list) instead.
  warn(
/home/sahil/frappe-11/frappe-bench/apps/frappe/frappe/database/query.py:197: UserWarning: The 'filters_config' hook used to add custom operators is not yet implemented in frappe.db.query engine. Use db_query (frappe.get_list) instead.
  warn(
/home/sahil/frappe-11/frappe-bench/apps/frappe/frappe/database/query.py:197: UserWarning: The 'filters_config' hook used to add custom operators is not yet implemented in frappe.db.query engine. Use db_query (frappe.get_list) instead.
  warn(
/home/sahil/frappe-11/frappe-bench/apps/frappe/frappe/database/query.py:197: UserWarning: The 'filters_config' hook used to add custom operators is not yet implemented in frappe.db.query engine. Use db_query (frappe.get_list) instead.
  warn(
/home/sahil/frappe-11/frappe-bench/apps/frappe/frappe/database/query.py:197: UserWarning: The 'filters_config' hook used to add custom operators is not yet implemented in frappe.db.query engine. Use db_query (frappe.get_list) instead.
  warn(
/home/sahil/frappe-11/frappe-bench/apps/frappe/frappe/database/query.py:197: UserWarning: The 'filters_config' hook used to add custom operators is not yet implemented in frappe.db.query engine. Use db_query (frappe.get_list) instead.
  warn(
/home/sahil/frappe-11/frappe-bench/apps/frappe/frappe/database/query.py:197: UserWarning: The 'filters_config' hook used to add custom operators is not yet implemented in frappe.db.query engine. Use db_query (frappe.get_list) instead.
  warn(
/home/sahil/frappe-11/frappe-bench/apps/frappe/frappe/database/query.py:197: UserWarning: The 'filters_config' hook used to add custom operators is not yet implemented in frappe.db.query engine. Use db_query (frappe.get_list) instead.
  warn(
/home/sahil/frappe-11/frappe-bench/apps/frappe/frappe/database/query.py:197: UserWarning: The 'filters_config' hook used to add custom operators is not yet implemented in frappe.db.query engine. Use db_query (frappe.get_list) instead.
  warn(
/home/sahil/frappe-11/frappe-bench/apps/frappe/frappe/database/query.py:197: UserWarning: The 'filters_config' hook used to add custom operators is not yet implemented in frappe.db.query engine. Use db_query (frappe.get_list) instead.
  warn(
/home/sahil/frappe-11/frappe-bench/apps/frappe/frappe/database/query.py:197: UserWarning: The 'filters_config' hook used to add custom operators is not yet implemented in frappe.db.query engine. Use db_query (frappe.get_list) instead.
  warn(
/home/sahil/frappe-11/frappe-bench/apps/frappe/frappe/database/query.py:197: UserWarning: The 'filters_config' hook used to add custom operators is not yet implemented in frappe.db.query engine. Use db_query (frappe.get_list) instead.
  warn(
Exception in thread Thread-1:
Traceback (most recent call last):
  File "/usr/lib/python3.10/threading.py", line 1009, in _bootstrap_inner
    self.run()
  File "/home/sahil/frappe-11/frappe-bench/env/lib/python3.10/site-packages/redis/client.py", line 3718, in run
    pubsub.get_message(ignore_subscribe_messages=True,
  File "/home/sahil/frappe-11/frappe-bench/env/lib/python3.10/site-packages/redis/client.py", line 3617, in get_message
    response = self.parse_response(block=False, timeout=timeout)
  File "/home/sahil/frappe-11/frappe-bench/env/lib/python3.10/site-packages/redis/client.py", line 3503, in parse_response
    if not block and not conn.can_read(timeout=timeout):
  File "/home/sahil/frappe-11/frappe-bench/env/lib/python3.10/site-packages/redis/connection.py", line 734, in can_read
    return self._parser.can_read(timeout)
  File "/home/sahil/frappe-11/frappe-bench/env/lib/python3.10/site-packages/redis/connection.py", line 416, in can_read
    return self.read_from_socket(timeout=timeout,
  File "/home/sahil/frappe-11/frappe-bench/env/lib/python3.10/site-packages/redis/connection.py", line 429, in read_from_socket
    raise ConnectionError(SERVER_CLOSED_CONNECTION_ERROR)
redis.exceptions.ConnectionError: Connection closed by server.
/home/sahil/frappe-11/frappe-bench/apps/frappe/frappe/database/query.py:197: UserWarning: The 'filters_config' hook used to add custom operators is not yet implemented in frappe.db.query engine. Use db_query (frappe.get_list) instead.
  warn(
/home/sahil/frappe-11/frappe-bench/apps/frappe/frappe/database/query.py:197: UserWarning: The 'filters_config' hook used to add custom operators is not yet implemented in frappe.db.query engine. Use db_query (frappe.get_list) instead.
  warn(
/home/sahil/frappe-11/frappe-bench/apps/frappe/frappe/database/query.py:197: UserWarning: The 'filters_config' hook used to add custom operators is not yet implemented in frappe.db.query engine. Use db_query (frappe.get_list) instead.
  warn(
/home/sahil/frappe-11/frappe-bench/apps/frappe/frappe/database/query.py:197: UserWarning: The 'filters_config' hook used to add custom operators is not yet implemented in frappe.db.query engine. Use db_query (frappe.get_list) instead.
  warn(
/home/sahil/frappe-11/frappe-bench/apps/frappe/frappe/database/query.py:197: UserWarning: The 'filters_config' hook used to add custom operators is not yet implemented in frappe.db.query engine. Use db_query (frappe.get_list) instead.
  warn(
/home/sahil/frappe-11/frappe-bench/apps/frappe/frappe/database/query.py:197: UserWarning: The 'filters_config' hook used to add custom operators is not yet implemented in frappe.db.query engine. Use db_query (frappe.get_list) instead.
  warn(
/home/sahil/frappe-11/frappe-bench/apps/frappe/frappe/database/query.py:197: UserWarning: The 'filters_config' hook used to add custom operators is not yet implemented in frappe.db.query engine. Use db_query (frappe.get_list) instead.
  warn(
/home/sahil/frappe-11/frappe-bench/apps/frappe/frappe/database/query.py:197: UserWarning: The 'filters_config' hook used to add custom operators is not yet implemented in frappe.db.query engine. Use db_query (frappe.get_list) instead.
  warn(
/home/sahil/frappe-11/frappe-bench/apps/frappe/frappe/database/query.py:197: UserWarning: The 'filters_config' hook used to add custom operators is not yet implemented in frappe.db.query engine. Use db_query (frappe.get_list) instead.
  warn(
/home/sahil/frappe-11/frappe-bench/apps/frappe/frappe/database/query.py:197: UserWarning: The 'filters_config' hook used to add custom operators is not yet implemented in frappe.db.query engine. Use db_query (frappe.get_list) instead.
  warn(
/home/sahil/frappe-11/frappe-bench/apps/frappe/frappe/database/query.py:197: UserWarning: The 'filters_config' hook used to add custom operators is not yet implemented in frappe.db.query engine. Use db_query (frappe.get_list) instead.
  warn(
/home/sahil/frappe-11/frappe-bench/apps/frappe/frappe/database/query.py:197: UserWarning: The 'filters_config' hook used to add custom operators is not yet implemented in frappe.db.query engine. Use db_query (frappe.get_list) instead.
  warn(
/home/sahil/frappe-11/frappe-bench/apps/frappe/frappe/database/query.py:197: UserWarning: The 'filters_config' hook used to add custom operators is not yet implemented in frappe.db.query engine. Use db_query (frappe.get_list) instead.
  warn(
/home/sahil/frappe-11/frappe-bench/apps/frappe/frappe/database/query.py:197: UserWarning: The 'filters_config' hook used to add custom operators is not yet implemented in frappe.db.query engine. Use db_query (frappe.get_list) instead.
  warn(
/home/sahil/frappe-11/frappe-bench/apps/frappe/frappe/database/query.py:197: UserWarning: The 'filters_config' hook used to add custom operators is not yet implemented in frappe.db.query engine. Use db_query (frappe.get_list) instead.
  warn(
/home/sahil/frappe-11/frappe-bench/apps/frappe/frappe/database/query.py:197: UserWarning: The 'filters_config' hook used to add custom operators is not yet implemented in frappe.db.query engine. Use db_query (frappe.get_list) instead.
  warn(
/home/sahil/frappe-11/frappe-bench/apps/frappe/frappe/database/query.py:197: UserWarning: The 'filters_config' hook used to add custom operators is not yet implemented in frappe.db.query engine. Use db_query (frappe.get_list) instead.
  warn(
/home/sahil/frappe-11/frappe-bench/apps/frappe/frappe/database/query.py:197: UserWarning: The 'filters_config' hook used to add custom operators is not yet implemented in frappe.db.query engine. Use db_query (frappe.get_list) instead.
  warn(
/home/sahil/frappe-11/frappe-bench/apps/frappe/frappe/database/query.py:197: UserWarning: The 'filters_config' hook used to add custom operators is not yet implemented in frappe.db.query engine. Use db_query (frappe.get_list) instead.
  warn(
/home/sahil/frappe-11/frappe-bench/apps/frappe/frappe/database/query.py:197: UserWarning: The 'filters_config' hook used to add custom operators is not yet implemented in frappe.db.query engine. Use db_query (frappe.get_list) instead.
  warn(
/home/sahil/frappe-11/frappe-bench/apps/frappe/frappe/database/query.py:197: UserWarning: The 'filters_config' hook used to add custom operators is not yet implemented in frappe.db.query engine. Use db_query (frappe.get_list) instead.
  warn(
/home/sahil/frappe-11/frappe-bench/apps/frappe/frappe/database/query.py:197: UserWarning: The 'filters_config' hook used to add custom operators is not yet implemented in frappe.db.query engine. Use db_query (frappe.get_list) instead.
  warn(
/home/sahil/frappe-11/frappe-bench/apps/frappe/frappe/database/query.py:197: UserWarning: The 'filters_config' hook used to add custom operators is not yet implemented in frappe.db.query engine. Use db_query (frappe.get_list) instead.
  warn(
/home/sahil/frappe-11/frappe-bench/apps/frappe/frappe/database/query.py:197: UserWarning: The 'filters_config' hook used to add custom operators is not yet implemented in frappe.db.query engine. Use db_query (frappe.get_list) instead.
  warn(
/home/sahil/frappe-11/frappe-bench/apps/frappe/frappe/database/query.py:197: UserWarning: The 'filters_config' hook used to add custom operators is not yet implemented in frappe.db.query engine. Use db_query (frappe.get_list) instead.
  warn(
/home/sahil/frappe-11/frappe-bench/apps/frappe/frappe/database/query.py:197: UserWarning: The 'filters_config' hook used to add custom operators is not yet implemented in frappe.db.query engine. Use db_query (frappe.get_list) instead.
  warn(
/home/sahil/frappe-11/frappe-bench/apps/frappe/frappe/database/query.py:197: UserWarning: The 'filters_config' hook used to add custom operators is not yet implemented in frappe.db.query engine. Use db_query (frappe.get_list) instead.
  warn(
/home/sahil/frappe-11/frappe-bench/apps/frappe/frappe/database/query.py:197: UserWarning: The 'filters_config' hook used to add custom operators is not yet implemented in frappe.db.query engine. Use db_query (frappe.get_list) instead.
  warn(
/home/sahil/frappe-11/frappe-bench/apps/frappe/frappe/database/query.py:197: UserWarning: The 'filters_config' hook used to add custom operators is not yet implemented in frappe.db.query engine. Use db_query (frappe.get_list) instead.
  warn(
/home/sahil/frappe-11/frappe-bench/apps/frappe/frappe/database/query.py:197: UserWarning: The 'filters_config' hook used to add custom operators is not yet implemented in frappe.db.query engine. Use db_query (frappe.get_list) instead.
  warn(
/home/sahil/frappe-11/frappe-bench/apps/frappe/frappe/database/query.py:197: UserWarning: The 'filters_config' hook used to add custom operators is not yet implemented in frappe.db.query engine. Use db_query (frappe.get_list) instead.
  warn(
/home/sahil/frappe-11/frappe-bench/apps/frappe/frappe/database/query.py:197: UserWarning: The 'filters_config' hook used to add custom operators is not yet implemented in frappe.db.query engine. Use db_query (frappe.get_list) instead.
  warn(
/home/sahil/frappe-11/frappe-bench/apps/frappe/frappe/database/query.py:197: UserWarning: The 'filters_config' hook used to add custom operators is not yet implemented in frappe.db.query engine. Use db_query (frappe.get_list) instead.
  warn(
/home/sahil/frappe-11/frappe-bench/apps/frappe/frappe/database/query.py:197: UserWarning: The 'filters_config' hook used to add custom operators is not yet implemented in frappe.db.query engine. Use db_query (frappe.get_list) instead.
  warn(
/home/sahil/frappe-11/frappe-bench/apps/frappe/frappe/database/query.py:197: UserWarning: The 'filters_config' hook used to add custom operators is not yet implemented in frappe.db.query engine. Use db_query (frappe.get_list) instead.
  warn(
/home/sahil/frappe-11/frappe-bench/apps/frappe/frappe/database/query.py:197: UserWarning: The 'filters_config' hook used to add custom operators is not yet implemented in frappe.db.query engine. Use db_query (frappe.get_list) instead.
  warn(
/home/sahil/frappe-11/frappe-bench/apps/frappe/frappe/database/query.py:197: UserWarning: The 'filters_config' hook used to add custom operators is not yet implemented in frappe.db.query engine. Use db_query (frappe.get_list) instead.
  warn(
/home/sahil/frappe-11/frappe-bench/apps/frappe/frappe/database/query.py:197: UserWarning: The 'filters_config' hook used to add custom operators is not yet implemented in frappe.db.query engine. Use db_query (frappe.get_list) instead.
  warn(
/home/sahil/frappe-11/frappe-bench/apps/frappe/frappe/database/query.py:197: UserWarning: The 'filters_config' hook used to add custom operators is not yet implemented in frappe.db.query engine. Use db_query (frappe.get_list) instead.
  warn(
/home/sahil/frappe-11/frappe-bench/apps/frappe/frappe/database/query.py:197: UserWarning: The 'filters_config' hook used to add custom operators is not yet implemented in frappe.db.query engine. Use db_query (frappe.get_list) instead.
  warn(
/home/sahil/frappe-11/frappe-bench/apps/frappe/frappe/database/query.py:197: UserWarning: The 'filters_config' hook used to add custom operators is not yet implemented in frappe.db.query engine. Use db_query (frappe.get_list) instead.
  warn(
/home/sahil/frappe-11/frappe-bench/apps/frappe/frappe/database/query.py:197: UserWarning: The 'filters_config' hook used to add custom operators is not yet implemented in frappe.db.query engine. Use db_query (frappe.get_list) instead.
  warn(
/home/sahil/frappe-11/frappe-bench/apps/frappe/frappe/database/query.py:197: UserWarning: The 'filters_config' hook used to add custom operators is not yet implemented in frappe.db.query engine. Use db_query (frappe.get_list) instead.
  warn(
/home/sahil/frappe-11/frappe-bench/apps/frappe/frappe/database/query.py:197: UserWarning: The 'filters_config' hook used to add custom operators is not yet implemented in frappe.db.query engine. Use db_query (frappe.get_list) instead.
  warn(
/home/sahil/frappe-11/frappe-bench/apps/frappe/frappe/database/query.py:197: UserWarning: The 'filters_config' hook used to add custom operators is not yet implemented in frappe.db.query engine. Use db_query (frappe.get_list) instead.
  warn(
/home/sahil/frappe-11/frappe-bench/apps/frappe/frappe/database/query.py:197: UserWarning: The 'filters_config' hook used to add custom operators is not yet implemented in frappe.db.query engine. Use db_query (frappe.get_list) instead.
  warn(
/home/sahil/frappe-11/frappe-bench/apps/frappe/frappe/database/query.py:197: UserWarning: The 'filters_config' hook used to add custom operators is not yet implemented in frappe.db.query engine. Use db_query (frappe.get_list) instead.
  warn(
/home/sahil/frappe-11/frappe-bench/apps/frappe/frappe/database/query.py:197: UserWarning: The 'filters_config' hook used to add custom operators is not yet implemented in frappe.db.query engine. Use db_query (frappe.get_list) instead.
  warn(
/home/sahil/frappe-11/frappe-bench/apps/frappe/frappe/database/query.py:197: UserWarning: The 'filters_config' hook used to add custom operators is not yet implemented in frappe.db.query engine. Use db_query (frappe.get_list) instead.
  warn(
/home/sahil/frappe-11/frappe-bench/apps/frappe/frappe/database/query.py:197: UserWarning: The 'filters_config' hook used to add custom operators is not yet implemented in frappe.db.query engine. Use db_query (frappe.get_list) instead.
  warn(
/home/sahil/frappe-11/frappe-bench/apps/frappe/frappe/database/query.py:197: UserWarning: The 'filters_config' hook used to add custom operators is not yet implemented in frappe.db.query engine. Use db_query (frappe.get_list) instead.
  warn(
/home/sahil/frappe-11/frappe-bench/apps/frappe/frappe/database/query.py:197: UserWarning: The 'filters_config' hook used to add custom operators is not yet implemented in frappe.db.query engine. Use db_query (frappe.get_list) instead.
  warn(
/home/sahil/frappe-11/frappe-bench/apps/frappe/frappe/database/query.py:197: UserWarning: The 'filters_config' hook used to add custom operators is not yet implemented in frappe.db.query engine. Use db_query (frappe.get_list) instead.
  warn(
/home/sahil/frappe-11/frappe-bench/apps/frappe/frappe/database/query.py:197: UserWarning: The 'filters_config' hook used to add custom operators is not yet implemented in frappe.db.query engine. Use db_query (frappe.get_list) instead.
  warn(
/home/sahil/frappe-11/frappe-bench/apps/frappe/frappe/database/query.py:197: UserWarning: The 'filters_config' hook used to add custom operators is not yet implemented in frappe.db.query engine. Use db_query (frappe.get_list) instead.
  warn(
/home/sahil/frappe-11/frappe-bench/apps/frappe/frappe/database/query.py:197: UserWarning: The 'filters_config' hook used to add custom operators is not yet implemented in frappe.db.query engine. Use db_query (frappe.get_list) instead.
  warn(
/home/sahil/frappe-11/frappe-bench/apps/frappe/frappe/database/query.py:197: UserWarning: The 'filters_config' hook used to add custom operators is not yet implemented in frappe.db.query engine. Use db_query (frappe.get_list) instead.
  warn(
/home/sahil/frappe-11/frappe-bench/apps/frappe/frappe/database/query.py:197: UserWarning: The 'filters_config' hook used to add custom operators is not yet implemented in frappe.db.query engine. Use db_query (frappe.get_list) instead.
  warn(
/home/sahil/frappe-11/frappe-bench/apps/frappe/frappe/database/query.py:197: UserWarning: The 'filters_config' hook used to add custom operators is not yet implemented in frappe.db.query engine. Use db_query (frappe.get_list) instead.
  warn(
/home/sahil/frappe-11/frappe-bench/apps/frappe/frappe/database/query.py:197: UserWarning: The 'filters_config' hook used to add custom operators is not yet implemented in frappe.db.query engine. Use db_query (frappe.get_list) instead.
  warn(
/home/sahil/frappe-11/frappe-bench/apps/frappe/frappe/database/query.py:197: UserWarning: The 'filters_config' hook used to add custom operators is not yet implemented in frappe.db.query engine. Use db_query (frappe.get_list) instead.
  warn(
/home/sahil/frappe-11/frappe-bench/apps/frappe/frappe/database/query.py:197: UserWarning: The 'filters_config' hook used to add custom operators is not yet implemented in frappe.db.query engine. Use db_query (frappe.get_list) instead.
  warn(
/home/sahil/frappe-11/frappe-bench/apps/frappe/frappe/database/query.py:197: UserWarning: The 'filters_config' hook used to add custom operators is not yet implemented in frappe.db.query engine. Use db_query (frappe.get_list) instead.
  warn(
/home/sahil/frappe-11/frappe-bench/apps/frappe/frappe/database/query.py:197: UserWarning: The 'filters_config' hook used to add custom operators is not yet implemented in frappe.db.query engine. Use db_query (frappe.get_list) instead.
  warn(
/home/sahil/frappe-11/frappe-bench/apps/frappe/frappe/database/query.py:197: UserWarning: The 'filters_config' hook used to add custom operators is not yet implemented in frappe.db.query engine. Use db_query (frappe.get_list) instead.
  warn(
/home/sahil/frappe-11/frappe-bench/apps/frappe/frappe/database/query.py:197: UserWarning: The 'filters_config' hook used to add custom operators is not yet implemented in frappe.db.query engine. Use db_query (frappe.get_list) instead.
  warn(
/home/sahil/frappe-11/frappe-bench/apps/frappe/frappe/database/query.py:197: UserWarning: The 'filters_config' hook used to add custom operators is not yet implemented in frappe.db.query engine. Use db_query (frappe.get_list) instead.
  warn(
/home/sahil/frappe-11/frappe-bench/apps/frappe/frappe/database/query.py:197: UserWarning: The 'filters_config' hook used to add custom operators is not yet implemented in frappe.db.query engine. Use db_query (frappe.get_list) instead.
  warn(
/home/sahil/frappe-11/frappe-bench/apps/frappe/frappe/database/query.py:197: UserWarning: The 'filters_config' hook used to add custom operators is not yet implemented in frappe.db.query engine. Use db_query (frappe.get_list) instead.
  warn(
/home/sahil/frappe-11/frappe-bench/apps/frappe/frappe/database/query.py:197: UserWarning: The 'filters_config' hook used to add custom operators is not yet implemented in frappe.db.query engine. Use db_query (frappe.get_list) instead.
  warn(
/home/sahil/frappe-11/frappe-bench/apps/frappe/frappe/database/query.py:197: UserWarning: The 'filters_config' hook used to add custom operators is not yet implemented in frappe.db.query engine. Use db_query (frappe.get_list) instead.
  warn(
/home/sahil/frappe-11/frappe-bench/apps/frappe/frappe/database/query.py:197: UserWarning: The 'filters_config' hook used to add custom operators is not yet implemented in frappe.db.query engine. Use db_query (frappe.get_list) instead.
  warn(
/home/sahil/frappe-11/frappe-bench/apps/frappe/frappe/database/query.py:197: UserWarning: The 'filters_config' hook used to add custom operators is not yet implemented in frappe.db.query engine. Use db_query (frappe.get_list) instead.
  warn(
/home/sahil/frappe-11/frappe-bench/apps/frappe/frappe/database/query.py:197: UserWarning: The 'filters_config' hook used to add custom operators is not yet implemented in frappe.db.query engine. Use db_query (frappe.get_list) instead.
  warn(
/home/sahil/frappe-11/frappe-bench/apps/frappe/frappe/database/query.py:197: UserWarning: The 'filters_config' hook used to add custom operators is not yet implemented in frappe.db.query engine. Use db_query (frappe.get_list) instead.
  warn(
/home/sahil/frappe-11/frappe-bench/apps/frappe/frappe/database/query.py:197: UserWarning: The 'filters_config' hook used to add custom operators is not yet implemented in frappe.db.query engine. Use db_query (frappe.get_list) instead.
  warn(
/home/sahil/frappe-11/frappe-bench/apps/frappe/frappe/database/query.py:197: UserWarning: The 'filters_config' hook used to add custom operators is not yet implemented in frappe.db.query engine. Use db_query (frappe.get_list) instead.
  warn(
/home/sahil/frappe-11/frappe-bench/apps/frappe/frappe/database/query.py:197: UserWarning: The 'filters_config' hook used to add custom operators is not yet implemented in frappe.db.query engine. Use db_query (frappe.get_list) instead.
  warn(
/home/sahil/frappe-11/frappe-bench/apps/frappe/frappe/database/query.py:197: UserWarning: The 'filters_config' hook used to add custom operators is not yet implemented in frappe.db.query engine. Use db_query (frappe.get_list) instead.
  warn(
/home/sahil/frappe-11/frappe-bench/apps/frappe/frappe/database/query.py:197: UserWarning: The 'filters_config' hook used to add custom operators is not yet implemented in frappe.db.query engine. Use db_query (frappe.get_list) instead.
  warn(
/home/sahil/frappe-11/frappe-bench/apps/frappe/frappe/database/query.py:197: UserWarning: The 'filters_config' hook used to add custom operators is not yet implemented in frappe.db.query engine. Use db_query (frappe.get_list) instead.
  warn(
/home/sahil/frappe-11/frappe-bench/apps/frappe/frappe/database/query.py:197: UserWarning: The 'filters_config' hook used to add custom operators is not yet implemented in frappe.db.query engine. Use db_query (frappe.get_list) instead.
  warn(
/home/sahil/frappe-11/frappe-bench/apps/frappe/frappe/database/query.py:197: UserWarning: The 'filters_config' hook used to add custom operators is not yet implemented in frappe.db.query engine. Use db_query (frappe.get_list) instead.
  warn(
/home/sahil/frappe-11/frappe-bench/apps/frappe/frappe/database/query.py:197: UserWarning: The 'filters_config' hook used to add custom operators is not yet implemented in frappe.db.query engine. Use db_query (frappe.get_list) instead.
  warn(
/home/sahil/frappe-11/frappe-bench/apps/frappe/frappe/database/query.py:197: UserWarning: The 'filters_config' hook used to add custom operators is not yet implemented in frappe.db.query engine. Use db_query (frappe.get_list) instead.
  warn(
/home/sahil/frappe-11/frappe-bench/apps/frappe/frappe/database/query.py:197: UserWarning: The 'filters_config' hook used to add custom operators is not yet implemented in frappe.db.query engine. Use db_query (frappe.get_list) instead.
  warn(
/home/sahil/frappe-11/frappe-bench/apps/frappe/frappe/database/query.py:197: UserWarning: The 'filters_config' hook used to add custom operators is not yet implemented in frappe.db.query engine. Use db_query (frappe.get_list) instead.
  warn(
/home/sahil/frappe-11/frappe-bench/apps/frappe/frappe/database/query.py:197: UserWarning: The 'filters_config' hook used to add custom operators is not yet implemented in frappe.db.query engine. Use db_query (frappe.get_list) instead.
  warn(
/home/sahil/frappe-11/frappe-bench/apps/frappe/frappe/database/query.py:197: UserWarning: The 'filters_config' hook used to add custom operators is not yet implemented in frappe.db.query engine. Use db_query (frappe.get_list) instead.
  warn(
/home/sahil/frappe-11/frappe-bench/apps/frappe/frappe/database/query.py:197: UserWarning: The 'filters_config' hook used to add custom operators is not yet implemented in frappe.db.query engine. Use db_query (frappe.get_list) instead.
  warn(
/home/sahil/frappe-11/frappe-bench/apps/frappe/frappe/database/query.py:197: UserWarning: The 'filters_config' hook used to add custom operators is not yet implemented in frappe.db.query engine. Use db_query (frappe.get_list) instead.
  warn(
/home/sahil/frappe-11/frappe-bench/apps/frappe/frappe/database/query.py:197: UserWarning: The 'filters_config' hook used to add custom operators is not yet implemented in frappe.db.query engine. Use db_query (frappe.get_list) instead.
  warn(
/home/sahil/frappe-11/frappe-bench/apps/frappe/frappe/database/query.py:197: UserWarning: The 'filters_config' hook used to add custom operators is not yet implemented in frappe.db.query engine. Use db_query (frappe.get_list) instead.
  warn(
/home/sahil/frappe-11/frappe-bench/apps/frappe/frappe/database/query.py:197: UserWarning: The 'filters_config' hook used to add custom operators is not yet implemented in frappe.db.query engine. Use db_query (frappe.get_list) instead.
  warn(
/home/sahil/frappe-11/frappe-bench/apps/frappe/frappe/database/query.py:197: UserWarning: The 'filters_config' hook used to add custom operators is not yet implemented in frappe.db.query engine. Use db_query (frappe.get_list) instead.
  warn(
/home/sahil/frappe-11/frappe-bench/apps/frappe/frappe/database/query.py:197: UserWarning: The 'filters_config' hook used to add custom operators is not yet implemented in frappe.db.query engine. Use db_query (frappe.get_list) instead.
  warn(
/home/sahil/frappe-11/frappe-bench/apps/frappe/frappe/database/query.py:197: UserWarning: The 'filters_config' hook used to add custom operators is not yet implemented in frappe.db.query engine. Use db_query (frappe.get_list) instead.
  warn(
/home/sahil/frappe-11/frappe-bench/apps/frappe/frappe/database/query.py:197: UserWarning: The 'filters_config' hook used to add custom operators is not yet implemented in frappe.db.query engine. Use db_query (frappe.get_list) instead.
  warn(
/home/sahil/frappe-11/frappe-bench/apps/frappe/frappe/database/query.py:197: UserWarning: The 'filters_config' hook used to add custom operators is not yet implemented in frappe.db.query engine. Use db_query (frappe.get_list) instead.
  warn(
/home/sahil/frappe-11/frappe-bench/apps/frappe/frappe/database/query.py:197: UserWarning: The 'filters_config' hook used to add custom operators is not yet implemented in frappe.db.query engine. Use db_query (frappe.get_list) instead.
  warn(
/home/sahil/frappe-11/frappe-bench/apps/frappe/frappe/database/query.py:197: UserWarning: The 'filters_config' hook used to add custom operators is not yet implemented in frappe.db.query engine. Use db_query (frappe.get_list) instead.
  warn(
/home/sahil/frappe-11/frappe-bench/apps/frappe/frappe/database/query.py:197: UserWarning: The 'filters_config' hook used to add custom operators is not yet implemented in frappe.db.query engine. Use db_query (frappe.get_list) instead.
  warn(
/home/sahil/frappe-11/frappe-bench/apps/frappe/frappe/database/query.py:197: UserWarning: The 'filters_config' hook used to add custom operators is not yet implemented in frappe.db.query engine. Use db_query (frappe.get_list) instead.
  warn(
/home/sahil/frappe-11/frappe-bench/apps/frappe/frappe/database/query.py:197: UserWarning: The 'filters_config' hook used to add custom operators is not yet implemented in frappe.db.query engine. Use db_query (frappe.get_list) instead.
  warn(
/home/sahil/frappe-11/frappe-bench/apps/frappe/frappe/database/query.py:197: UserWarning: The 'filters_config' hook used to add custom operators is not yet implemented in frappe.db.query engine. Use db_query (frappe.get_list) instead.
  warn(
/home/sahil/frappe-11/frappe-bench/apps/frappe/frappe/database/query.py:197: UserWarning: The 'filters_config' hook used to add custom operators is not yet implemented in frappe.db.query engine. Use db_query (frappe.get_list) instead.
  warn(
/home/sahil/frappe-11/frappe-bench/apps/frappe/frappe/database/query.py:197: UserWarning: The 'filters_config' hook used to add custom operators is not yet implemented in frappe.db.query engine. Use db_query (frappe.get_list) instead.
  warn(
/home/sahil/frappe-11/frappe-bench/apps/frappe/frappe/database/query.py:197: UserWarning: The 'filters_config' hook used to add custom operators is not yet implemented in frappe.db.query engine. Use db_query (frappe.get_list) instead.
  warn(
/home/sahil/frappe-11/frappe-bench/apps/frappe/frappe/database/query.py:197: UserWarning: The 'filters_config' hook used to add custom operators is not yet implemented in frappe.db.query engine. Use db_query (frappe.get_list) instead.
  warn(
/home/sahil/frappe-11/frappe-bench/apps/frappe/frappe/database/query.py:197: UserWarning: The 'filters_config' hook used to add custom operators is not yet implemented in frappe.db.query engine. Use db_query (frappe.get_list) instead.
  warn(
/home/sahil/frappe-11/frappe-bench/apps/frappe/frappe/database/query.py:197: UserWarning: The 'filters_config' hook used to add custom operators is not yet implemented in frappe.db.query engine. Use db_query (frappe.get_list) instead.
  warn(
/home/sahil/frappe-11/frappe-bench/apps/frappe/frappe/database/query.py:197: UserWarning: The 'filters_config' hook used to add custom operators is not yet implemented in frappe.db.query engine. Use db_query (frappe.get_list) instead.
  warn(
/home/sahil/frappe-11/frappe-bench/apps/frappe/frappe/database/query.py:197: UserWarning: The 'filters_config' hook used to add custom operators is not yet implemented in frappe.db.query engine. Use db_query (frappe.get_list) instead.
  warn(
/home/sahil/frappe-11/frappe-bench/apps/frappe/frappe/database/query.py:197: UserWarning: The 'filters_config' hook used to add custom operators is not yet implemented in frappe.db.query engine. Use db_query (frappe.get_list) instead.
  warn(
/home/sahil/frappe-11/frappe-bench/apps/frappe/frappe/database/query.py:197: UserWarning: The 'filters_config' hook used to add custom operators is not yet implemented in frappe.db.query engine. Use db_query (frappe.get_list) instead.
  warn(
/home/sahil/frappe-11/frappe-bench/apps/frappe/frappe/database/query.py:197: UserWarning: The 'filters_config' hook used to add custom operators is not yet implemented in frappe.db.query engine. Use db_query (frappe.get_list) instead.
  warn(
/home/sahil/frappe-11/frappe-bench/apps/frappe/frappe/database/query.py:197: UserWarning: The 'filters_config' hook used to add custom operators is not yet implemented in frappe.db.query engine. Use db_query (frappe.get_list) instead.
  warn(
/home/sahil/frappe-11/frappe-bench/apps/frappe/frappe/database/query.py:197: UserWarning: The 'filters_config' hook used to add custom operators is not yet implemented in frappe.db.query engine. Use db_query (frappe.get_list) instead.
  warn(
/home/sahil/frappe-11/frappe-bench/apps/frappe/frappe/database/query.py:197: UserWarning: The 'filters_config' hook used to add custom operators is not yet implemented in frappe.db.query engine. Use db_query (frappe.get_list) instead.
  warn(
/home/sahil/frappe-11/frappe-bench/apps/frappe/frappe/database/query.py:197: UserWarning: The 'filters_config' hook used to add custom operators is not yet implemented in frappe.db.query engine. Use db_query (frappe.get_list) instead.
  warn(
/home/sahil/frappe-11/frappe-bench/apps/frappe/frappe/database/query.py:197: UserWarning: The 'filters_config' hook used to add custom operators is not yet implemented in frappe.db.query engine. Use db_query (frappe.get_list) instead.
  warn(
/home/sahil/frappe-11/frappe-bench/apps/frappe/frappe/database/query.py:197: UserWarning: The 'filters_config' hook used to add custom operators is not yet implemented in frappe.db.query engine. Use db_query (frappe.get_list) instead.
  warn(
/home/sahil/frappe-11/frappe-bench/apps/frappe/frappe/database/query.py:197: UserWarning: The 'filters_config' hook used to add custom operators is not yet implemented in frappe.db.query engine. Use db_query (frappe.get_list) instead.
  warn(
/home/sahil/frappe-11/frappe-bench/apps/frappe/frappe/database/query.py:197: UserWarning: The 'filters_config' hook used to add custom operators is not yet implemented in frappe.db.query engine. Use db_query (frappe.get_list) instead.
  warn(
/home/sahil/frappe-11/frappe-bench/apps/frappe/frappe/database/query.py:197: UserWarning: The 'filters_config' hook used to add custom operators is not yet implemented in frappe.db.query engine. Use db_query (frappe.get_list) instead.
  warn(
/home/sahil/frappe-11/frappe-bench/apps/frappe/frappe/database/query.py:197: UserWarning: The 'filters_config' hook used to add custom operators is not yet implemented in frappe.db.query engine. Use db_query (frappe.get_list) instead.
  warn(
/home/sahil/frappe-11/frappe-bench/apps/frappe/frappe/database/query.py:197: UserWarning: The 'filters_config' hook used to add custom operators is not yet implemented in frappe.db.query engine. Use db_query (frappe.get_list) instead.
  warn(
/home/sahil/frappe-11/frappe-bench/apps/frappe/frappe/database/query.py:197: UserWarning: The 'filters_config' hook used to add custom operators is not yet implemented in frappe.db.query engine. Use db_query (frappe.get_list) instead.
  warn(
/home/sahil/frappe-11/frappe-bench/apps/frappe/frappe/database/query.py:197: UserWarning: The 'filters_config' hook used to add custom operators is not yet implemented in frappe.db.query engine. Use db_query (frappe.get_list) instead.
  warn(
/home/sahil/frappe-11/frappe-bench/apps/frappe/frappe/database/query.py:197: UserWarning: The 'filters_config' hook used to add custom operators is not yet implemented in frappe.db.query engine. Use db_query (frappe.get_list) instead.
  warn(
/home/sahil/frappe-11/frappe-bench/apps/frappe/frappe/database/query.py:197: UserWarning: The 'filters_config' hook used to add custom operators is not yet implemented in frappe.db.query engine. Use db_query (frappe.get_list) instead.
  warn(
/home/sahil/frappe-11/frappe-bench/apps/frappe/frappe/database/query.py:197: UserWarning: The 'filters_config' hook used to add custom operators is not yet implemented in frappe.db.query engine. Use db_query (frappe.get_list) instead.
  warn(
/home/sahil/frappe-11/frappe-bench/apps/frappe/frappe/database/query.py:197: UserWarning: The 'filters_config' hook used to add custom operators is not yet implemented in frappe.db.query engine. Use db_query (frappe.get_list) instead.
  warn(
/home/sahil/frappe-11/frappe-bench/apps/frappe/frappe/database/query.py:197: UserWarning: The 'filters_config' hook used to add custom operators is not yet implemented in frappe.db.query engine. Use db_query (frappe.get_list) instead.
  warn(
/home/sahil/frappe-11/frappe-bench/apps/frappe/frappe/database/query.py:197: UserWarning: The 'filters_config' hook used to add custom operators is not yet implemented in frappe.db.query engine. Use db_query (frappe.get_list) instead.
  warn(
/home/sahil/frappe-11/frappe-bench/apps/frappe/frappe/database/query.py:197: UserWarning: The 'filters_config' hook used to add custom operators is not yet implemented in frappe.db.query engine. Use db_query (frappe.get_list) instead.
  warn(
/home/sahil/frappe-11/frappe-bench/apps/frappe/frappe/database/query.py:197: UserWarning: The 'filters_config' hook used to add custom operators is not yet implemented in frappe.db.query engine. Use db_query (frappe.get_list) instead.
  warn(
/home/sahil/frappe-11/frappe-bench/apps/frappe/frappe/database/query.py:197: UserWarning: The 'filters_config' hook used to add custom operators is not yet implemented in frappe.db.query engine. Use db_query (frappe.get_list) instead.
  warn(
/home/sahil/frappe-11/frappe-bench/apps/frappe/frappe/database/query.py:197: UserWarning: The 'filters_config' hook used to add custom operators is not yet implemented in frappe.db.query engine. Use db_query (frappe.get_list) instead.
  warn(
/home/sahil/frappe-11/frappe-bench/apps/frappe/frappe/database/query.py:197: UserWarning: The 'filters_config' hook used to add custom operators is not yet implemented in frappe.db.query engine. Use db_query (frappe.get_list) instead.
  warn(
/home/sahil/frappe-11/frappe-bench/apps/frappe/frappe/database/query.py:197: UserWarning: The 'filters_config' hook used to add custom operators is not yet implemented in frappe.db.query engine. Use db_query (frappe.get_list) instead.
  warn(
/home/sahil/frappe-11/frappe-bench/apps/frappe/frappe/database/query.py:197: UserWarning: The 'filters_config' hook used to add custom operators is not yet implemented in frappe.db.query engine. Use db_query (frappe.get_list) instead.
  warn(
/home/sahil/frappe-11/frappe-bench/apps/frappe/frappe/database/query.py:197: UserWarning: The 'filters_config' hook used to add custom operators is not yet implemented in frappe.db.query engine. Use db_query (frappe.get_list) instead.
  warn(
/home/sahil/frappe-11/frappe-bench/apps/frappe/frappe/database/query.py:197: UserWarning: The 'filters_config' hook used to add custom operators is not yet implemented in frappe.db.query engine. Use db_query (frappe.get_list) instead.
  warn(
/home/sahil/frappe-11/frappe-bench/apps/frappe/frappe/database/query.py:197: UserWarning: The 'filters_config' hook used to add custom operators is not yet implemented in frappe.db.query engine. Use db_query (frappe.get_list) instead.
  warn(
/home/sahil/frappe-11/frappe-bench/apps/frappe/frappe/database/query.py:197: UserWarning: The 'filters_config' hook used to add custom operators is not yet implemented in frappe.db.query engine. Use db_query (frappe.get_list) instead.
  warn(
/home/sahil/frappe-11/frappe-bench/apps/frappe/frappe/database/query.py:197: UserWarning: The 'filters_config' hook used to add custom operators is not yet implemented in frappe.db.query engine. Use db_query (frappe.get_list) instead.
  warn(
/home/sahil/frappe-11/frappe-bench/apps/frappe/frappe/database/query.py:197: UserWarning: The 'filters_config' hook used to add custom operators is not yet implemented in frappe.db.query engine. Use db_query (frappe.get_list) instead.
  warn(
/home/sahil/frappe-11/frappe-bench/apps/frappe/frappe/database/query.py:197: UserWarning: The 'filters_config' hook used to add custom operators is not yet implemented in frappe.db.query engine. Use db_query (frappe.get_list) instead.
  warn(
/home/sahil/frappe-11/frappe-bench/apps/frappe/frappe/database/query.py:197: UserWarning: The 'filters_config' hook used to add custom operators is not yet implemented in frappe.db.query engine. Use db_query (frappe.get_list) instead.
  warn(
/home/sahil/frappe-11/frappe-bench/apps/frappe/frappe/database/query.py:197: UserWarning: The 'filters_config' hook used to add custom operators is not yet implemented in frappe.db.query engine. Use db_query (frappe.get_list) instead.
  warn(
/home/sahil/frappe-11/frappe-bench/apps/frappe/frappe/database/query.py:197: UserWarning: The 'filters_config' hook used to add custom operators is not yet implemented in frappe.db.query engine. Use db_query (frappe.get_list) instead.
  warn(
/home/sahil/frappe-11/frappe-bench/apps/frappe/frappe/database/query.py:197: UserWarning: The 'filters_config' hook used to add custom operators is not yet implemented in frappe.db.query engine. Use db_query (frappe.get_list) instead.
  warn(
/home/sahil/frappe-11/frappe-bench/apps/frappe/frappe/database/query.py:197: UserWarning: The 'filters_config' hook used to add custom operators is not yet implemented in frappe.db.query engine. Use db_query (frappe.get_list) instead.
  warn(
/home/sahil/frappe-11/frappe-bench/apps/frappe/frappe/database/query.py:197: UserWarning: The 'filters_config' hook used to add custom operators is not yet implemented in frappe.db.query engine. Use db_query (frappe.get_list) instead.
  warn(
/home/sahil/frappe-11/frappe-bench/apps/frappe/frappe/database/query.py:197: UserWarning: The 'filters_config' hook used to add custom operators is not yet implemented in frappe.db.query engine. Use db_query (frappe.get_list) instead.
  warn(
/home/sahil/frappe-11/frappe-bench/apps/frappe/frappe/database/query.py:197: UserWarning: The 'filters_config' hook used to add custom operators is not yet implemented in frappe.db.query engine. Use db_query (frappe.get_list) instead.
  warn(
/home/sahil/frappe-11/frappe-bench/apps/frappe/frappe/database/query.py:197: UserWarning: The 'filters_config' hook used to add custom operators is not yet implemented in frappe.db.query engine. Use db_query (frappe.get_list) instead.
  warn(
/home/sahil/frappe-11/frappe-bench/apps/frappe/frappe/database/query.py:197: UserWarning: The 'filters_config' hook used to add custom operators is not yet implemented in frappe.db.query engine. Use db_query (frappe.get_list) instead.
  warn(
/home/sahil/frappe-11/frappe-bench/apps/frappe/frappe/database/query.py:197: UserWarning: The 'filters_config' hook used to add custom operators is not yet implemented in frappe.db.query engine. Use db_query (frappe.get_list) instead.
  warn(
/home/sahil/frappe-11/frappe-bench/apps/frappe/frappe/database/query.py:197: UserWarning: The 'filters_config' hook used to add custom operators is not yet implemented in frappe.db.query engine. Use db_query (frappe.get_list) instead.
  warn(
/home/sahil/frappe-11/frappe-bench/apps/frappe/frappe/database/query.py:197: UserWarning: The 'filters_config' hook used to add custom operators is not yet implemented in frappe.db.query engine. Use db_query (frappe.get_list) instead.
  warn(
/home/sahil/frappe-11/frappe-bench/apps/frappe/frappe/database/query.py:197: UserWarning: The 'filters_config' hook used to add custom operators is not yet implemented in frappe.db.query engine. Use db_query (frappe.get_list) instead.
  warn(
/home/sahil/frappe-11/frappe-bench/apps/frappe/frappe/database/query.py:197: UserWarning: The 'filters_config' hook used to add custom operators is not yet implemented in frappe.db.query engine. Use db_query (frappe.get_list) instead.
  warn(
/home/sahil/frappe-11/frappe-bench/apps/frappe/frappe/database/query.py:197: UserWarning: The 'filters_config' hook used to add custom operators is not yet implemented in frappe.db.query engine. Use db_query (frappe.get_list) instead.
  warn(
/home/sahil/frappe-11/frappe-bench/apps/frappe/frappe/database/query.py:197: UserWarning: The 'filters_config' hook used to add custom operators is not yet implemented in frappe.db.query engine. Use db_query (frappe.get_list) instead.
  warn(
/home/sahil/frappe-11/frappe-bench/apps/frappe/frappe/database/query.py:197: UserWarning: The 'filters_config' hook used to add custom operators is not yet implemented in frappe.db.query engine. Use db_query (frappe.get_list) instead.
  warn(
/home/sahil/frappe-11/frappe-bench/apps/frappe/frappe/database/query.py:197: UserWarning: The 'filters_config' hook used to add custom operators is not yet implemented in frappe.db.query engine. Use db_query (frappe.get_list) instead.
  warn(
/home/sahil/frappe-11/frappe-bench/apps/frappe/frappe/database/query.py:197: UserWarning: The 'filters_config' hook used to add custom operators is not yet implemented in frappe.db.query engine. Use db_query (frappe.get_list) instead.
  warn(
/home/sahil/frappe-11/frappe-bench/apps/frappe/frappe/database/query.py:197: UserWarning: The 'filters_config' hook used to add custom operators is not yet implemented in frappe.db.query engine. Use db_query (frappe.get_list) instead.
  warn(
/home/sahil/frappe-11/frappe-bench/apps/frappe/frappe/database/query.py:197: UserWarning: The 'filters_config' hook used to add custom operators is not yet implemented in frappe.db.query engine. Use db_query (frappe.get_list) instead.
  warn(
/home/sahil/frappe-11/frappe-bench/apps/frappe/frappe/database/query.py:197: UserWarning: The 'filters_config' hook used to add custom operators is not yet implemented in frappe.db.query engine. Use db_query (frappe.get_list) instead.
  warn(
/home/sahil/frappe-11/frappe-bench/apps/frappe/frappe/database/query.py:197: UserWarning: The 'filters_config' hook used to add custom operators is not yet implemented in frappe.db.query engine. Use db_query (frappe.get_list) instead.
  warn(
/home/sahil/frappe-11/frappe-bench/apps/frappe/frappe/database/query.py:197: UserWarning: The 'filters_config' hook used to add custom operators is not yet implemented in frappe.db.query engine. Use db_query (frappe.get_list) instead.
  warn(
/home/sahil/frappe-11/frappe-bench/apps/frappe/frappe/database/query.py:197: UserWarning: The 'filters_config' hook used to add custom operators is not yet implemented in frappe.db.query engine. Use db_query (frappe.get_list) instead.
  warn(
/home/sahil/frappe-11/frappe-bench/apps/frappe/frappe/database/query.py:197: UserWarning: The 'filters_config' hook used to add custom operators is not yet implemented in frappe.db.query engine. Use db_query (frappe.get_list) instead.
  warn(
/home/sahil/frappe-11/frappe-bench/apps/frappe/frappe/database/query.py:197: UserWarning: The 'filters_config' hook used to add custom operators is not yet implemented in frappe.db.query engine. Use db_query (frappe.get_list) instead.
  warn(
/home/sahil/frappe-11/frappe-bench/apps/frappe/frappe/database/query.py:197: UserWarning: The 'filters_config' hook used to add custom operators is not yet implemented in frappe.db.query engine. Use db_query (frappe.get_list) instead.
  warn(
/home/sahil/frappe-11/frappe-bench/apps/frappe/frappe/database/query.py:197: UserWarning: The 'filters_config' hook used to add custom operators is not yet implemented in frappe.db.query engine. Use db_query (frappe.get_list) instead.
  warn(
/home/sahil/frappe-11/frappe-bench/apps/frappe/frappe/database/query.py:197: UserWarning: The 'filters_config' hook used to add custom operators is not yet implemented in frappe.db.query engine. Use db_query (frappe.get_list) instead.
  warn(
/home/sahil/frappe-11/frappe-bench/apps/frappe/frappe/database/query.py:197: UserWarning: The 'filters_config' hook used to add custom operators is not yet implemented in frappe.db.query engine. Use db_query (frappe.get_list) instead.
  warn(
/home/sahil/frappe-11/frappe-bench/apps/frappe/frappe/database/query.py:197: UserWarning: The 'filters_config' hook used to add custom operators is not yet implemented in frappe.db.query engine. Use db_query (frappe.get_list) instead.
  warn(
/home/sahil/frappe-11/frappe-bench/apps/frappe/frappe/database/query.py:197: UserWarning: The 'filters_config' hook used to add custom operators is not yet implemented in frappe.db.query engine. Use db_query (frappe.get_list) instead.
  warn(
/home/sahil/frappe-11/frappe-bench/apps/frappe/frappe/database/query.py:197: UserWarning: The 'filters_config' hook used to add custom operators is not yet implemented in frappe.db.query engine. Use db_query (frappe.get_list) instead.
  warn(
/home/sahil/frappe-11/frappe-bench/apps/frappe/frappe/database/query.py:197: UserWarning: The 'filters_config' hook used to add custom operators is not yet implemented in frappe.db.query engine. Use db_query (frappe.get_list) instead.
  warn(
/home/sahil/frappe-11/frappe-bench/apps/frappe/frappe/database/query.py:197: UserWarning: The 'filters_config' hook used to add custom operators is not yet implemented in frappe.db.query engine. Use db_query (frappe.get_list) instead.
  warn(
/home/sahil/frappe-11/frappe-bench/apps/frappe/frappe/database/query.py:197: UserWarning: The 'filters_config' hook used to add custom operators is not yet implemented in frappe.db.query engine. Use db_query (frappe.get_list) instead.
  warn(
/home/sahil/frappe-11/frappe-bench/apps/frappe/frappe/database/query.py:197: UserWarning: The 'filters_config' hook used to add custom operators is not yet implemented in frappe.db.query engine. Use db_query (frappe.get_list) instead.
  warn(
/home/sahil/frappe-11/frappe-bench/apps/frappe/frappe/database/query.py:197: UserWarning: The 'filters_config' hook used to add custom operators is not yet implemented in frappe.db.query engine. Use db_query (frappe.get_list) instead.
  warn(
/home/sahil/frappe-11/frappe-bench/apps/frappe/frappe/database/query.py:197: UserWarning: The 'filters_config' hook used to add custom operators is not yet implemented in frappe.db.query engine. Use db_query (frappe.get_list) instead.
  warn(
/home/sahil/frappe-11/frappe-bench/apps/frappe/frappe/database/query.py:197: UserWarning: The 'filters_config' hook used to add custom operators is not yet implemented in frappe.db.query engine. Use db_query (frappe.get_list) instead.
  warn(
/home/sahil/frappe-11/frappe-bench/apps/frappe/frappe/database/query.py:197: UserWarning: The 'filters_config' hook used to add custom operators is not yet implemented in frappe.db.query engine. Use db_query (frappe.get_list) instead.
  warn(
/home/sahil/frappe-11/frappe-bench/apps/frappe/frappe/database/query.py:197: UserWarning: The 'filters_config' hook used to add custom operators is not yet implemented in frappe.db.query engine. Use db_query (frappe.get_list) instead.
  warn(
/home/sahil/frappe-11/frappe-bench/apps/frappe/frappe/database/query.py:197: UserWarning: The 'filters_config' hook used to add custom operators is not yet implemented in frappe.db.query engine. Use db_query (frappe.get_list) instead.
  warn(
/home/sahil/frappe-11/frappe-bench/apps/frappe/frappe/database/query.py:197: UserWarning: The 'filters_config' hook used to add custom operators is not yet implemented in frappe.db.query engine. Use db_query (frappe.get_list) instead.
  warn(
/home/sahil/frappe-11/frappe-bench/apps/frappe/frappe/database/query.py:197: UserWarning: The 'filters_config' hook used to add custom operators is not yet implemented in frappe.db.query engine. Use db_query (frappe.get_list) instead.
  warn(
/home/sahil/frappe-11/frappe-bench/apps/frappe/frappe/database/query.py:197: UserWarning: The 'filters_config' hook used to add custom operators is not yet implemented in frappe.db.query engine. Use db_query (frappe.get_list) instead.
  warn(
/home/sahil/frappe-11/frappe-bench/apps/frappe/frappe/database/query.py:197: UserWarning: The 'filters_config' hook used to add custom operators is not yet implemented in frappe.db.query engine. Use db_query (frappe.get_list) instead.
  warn(
/home/sahil/frappe-11/frappe-bench/apps/frappe/frappe/database/query.py:197: UserWarning: The 'filters_config' hook used to add custom operators is not yet implemented in frappe.db.query engine. Use db_query (frappe.get_list) instead.
  warn(
/home/sahil/frappe-11/frappe-bench/apps/frappe/frappe/database/query.py:197: UserWarning: The 'filters_config' hook used to add custom operators is not yet implemented in frappe.db.query engine. Use db_query (frappe.get_list) instead.
  warn(
/home/sahil/frappe-11/frappe-bench/apps/frappe/frappe/database/query.py:197: UserWarning: The 'filters_config' hook used to add custom operators is not yet implemented in frappe.db.query engine. Use db_query (frappe.get_list) instead.
  warn(
/home/sahil/frappe-11/frappe-bench/apps/frappe/frappe/database/query.py:197: UserWarning: The 'filters_config' hook used to add custom operators is not yet implemented in frappe.db.query engine. Use db_query (frappe.get_list) instead.
  warn(
/home/sahil/frappe-11/frappe-bench/apps/frappe/frappe/database/query.py:197: UserWarning: The 'filters_config' hook used to add custom operators is not yet implemented in frappe.db.query engine. Use db_query (frappe.get_list) instead.
  warn(
/home/sahil/frappe-11/frappe-bench/apps/frappe/frappe/database/query.py:197: UserWarning: The 'filters_config' hook used to add custom operators is not yet implemented in frappe.db.query engine. Use db_query (frappe.get_list) instead.
  warn(
/home/sahil/frappe-11/frappe-bench/apps/frappe/frappe/database/query.py:197: UserWarning: The 'filters_config' hook used to add custom operators is not yet implemented in frappe.db.query engine. Use db_query (frappe.get_list) instead.
  warn(
/home/sahil/frappe-11/frappe-bench/apps/frappe/frappe/database/query.py:197: UserWarning: The 'filters_config' hook used to add custom operators is not yet implemented in frappe.db.query engine. Use db_query (frappe.get_list) instead.
  warn(
/home/sahil/frappe-11/frappe-bench/apps/frappe/frappe/database/query.py:197: UserWarning: The 'filters_config' hook used to add custom operators is not yet implemented in frappe.db.query engine. Use db_query (frappe.get_list) instead.
  warn(
/home/sahil/frappe-11/frappe-bench/apps/frappe/frappe/database/query.py:197: UserWarning: The 'filters_config' hook used to add custom operators is not yet implemented in frappe.db.query engine. Use db_query (frappe.get_list) instead.
  warn(
/home/sahil/frappe-11/frappe-bench/apps/frappe/frappe/database/query.py:197: UserWarning: The 'filters_config' hook used to add custom operators is not yet implemented in frappe.db.query engine. Use db_query (frappe.get_list) instead.
  warn(
/home/sahil/frappe-11/frappe-bench/apps/frappe/frappe/database/query.py:197: UserWarning: The 'filters_config' hook used to add custom operators is not yet implemented in frappe.db.query engine. Use db_query (frappe.get_list) instead.
  warn(
/home/sahil/frappe-11/frappe-bench/apps/frappe/frappe/database/query.py:197: UserWarning: The 'filters_config' hook used to add custom operators is not yet implemented in frappe.db.query engine. Use db_query (frappe.get_list) instead.
  warn(
/home/sahil/frappe-11/frappe-bench/apps/frappe/frappe/database/query.py:197: UserWarning: The 'filters_config' hook used to add custom operators is not yet implemented in frappe.db.query engine. Use db_query (frappe.get_list) instead.
  warn(
/home/sahil/frappe-11/frappe-bench/apps/frappe/frappe/database/query.py:197: UserWarning: The 'filters_config' hook used to add custom operators is not yet implemented in frappe.db.query engine. Use db_query (frappe.get_list) instead.
  warn(
/home/sahil/frappe-11/frappe-bench/apps/frappe/frappe/database/query.py:197: UserWarning: The 'filters_config' hook used to add custom operators is not yet implemented in frappe.db.query engine. Use db_query (frappe.get_list) instead.
  warn(
/home/sahil/frappe-11/frappe-bench/apps/frappe/frappe/database/query.py:197: UserWarning: The 'filters_config' hook used to add custom operators is not yet implemented in frappe.db.query engine. Use db_query (frappe.get_list) instead.
  warn(
/home/sahil/frappe-11/frappe-bench/apps/frappe/frappe/database/query.py:197: UserWarning: The 'filters_config' hook used to add custom operators is not yet implemented in frappe.db.query engine. Use db_query (frappe.get_list) instead.
  warn(
/home/sahil/frappe-11/frappe-bench/apps/frappe/frappe/database/query.py:197: UserWarning: The 'filters_config' hook used to add custom operators is not yet implemented in frappe.db.query engine. Use db_query (frappe.get_list) instead.
  warn(
/home/sahil/frappe-11/frappe-bench/apps/frappe/frappe/database/query.py:197: UserWarning: The 'filters_config' hook used to add custom operators is not yet implemented in frappe.db.query engine. Use db_query (frappe.get_list) instead.
  warn(
/home/sahil/frappe-11/frappe-bench/apps/frappe/frappe/database/query.py:197: UserWarning: The 'filters_config' hook used to add custom operators is not yet implemented in frappe.db.query engine. Use db_query (frappe.get_list) instead.
  warn(
/home/sahil/frappe-11/frappe-bench/apps/frappe/frappe/database/query.py:197: UserWarning: The 'filters_config' hook used to add custom operators is not yet implemented in frappe.db.query engine. Use db_query (frappe.get_list) instead.
  warn(
/home/sahil/frappe-11/frappe-bench/apps/frappe/frappe/database/query.py:197: UserWarning: The 'filters_config' hook used to add custom operators is not yet implemented in frappe.db.query engine. Use db_query (frappe.get_list) instead.
  warn(
/home/sahil/frappe-11/frappe-bench/apps/frappe/frappe/database/query.py:197: UserWarning: The 'filters_config' hook used to add custom operators is not yet implemented in frappe.db.query engine. Use db_query (frappe.get_list) instead.
  warn(
/home/sahil/frappe-11/frappe-bench/apps/frappe/frappe/database/query.py:197: UserWarning: The 'filters_config' hook used to add custom operators is not yet implemented in frappe.db.query engine. Use db_query (frappe.get_list) instead.
  warn(
/home/sahil/frappe-11/frappe-bench/apps/frappe/frappe/database/query.py:197: UserWarning: The 'filters_config' hook used to add custom operators is not yet implemented in frappe.db.query engine. Use db_query (frappe.get_list) instead.
  warn(
/home/sahil/frappe-11/frappe-bench/apps/frappe/frappe/database/query.py:197: UserWarning: The 'filters_config' hook used to add custom operators is not yet implemented in frappe.db.query engine. Use db_query (frappe.get_list) instead.
  warn(
/home/sahil/frappe-11/frappe-bench/apps/frappe/frappe/database/query.py:197: UserWarning: The 'filters_config' hook used to add custom operators is not yet implemented in frappe.db.query engine. Use db_query (frappe.get_list) instead.
  warn(
/home/sahil/frappe-11/frappe-bench/apps/frappe/frappe/database/query.py:197: UserWarning: The 'filters_config' hook used to add custom operators is not yet implemented in frappe.db.query engine. Use db_query (frappe.get_list) instead.
  warn(
/home/sahil/frappe-11/frappe-bench/apps/frappe/frappe/database/query.py:197: UserWarning: The 'filters_config' hook used to add custom operators is not yet implemented in frappe.db.query engine. Use db_query (frappe.get_list) instead.
  warn(
/home/sahil/frappe-11/frappe-bench/apps/frappe/frappe/database/query.py:197: UserWarning: The 'filters_config' hook used to add custom operators is not yet implemented in frappe.db.query engine. Use db_query (frappe.get_list) instead.
  warn(
/home/sahil/frappe-11/frappe-bench/apps/frappe/frappe/database/query.py:197: UserWarning: The 'filters_config' hook used to add custom operators is not yet implemented in frappe.db.query engine. Use db_query (frappe.get_list) instead.
  warn(
/home/sahil/frappe-11/frappe-bench/apps/frappe/frappe/database/query.py:197: UserWarning: The 'filters_config' hook used to add custom operators is not yet implemented in frappe.db.query engine. Use db_query (frappe.get_list) instead.
  warn(
/home/sahil/frappe-11/frappe-bench/apps/frappe/frappe/database/query.py:197: UserWarning: The 'filters_config' hook used to add custom operators is not yet implemented in frappe.db.query engine. Use db_query (frappe.get_list) instead.
  warn(
/home/sahil/frappe-11/frappe-bench/apps/frappe/frappe/database/query.py:197: UserWarning: The 'filters_config' hook used to add custom operators is not yet implemented in frappe.db.query engine. Use db_query (frappe.get_list) instead.
  warn(
/home/sahil/frappe-11/frappe-bench/apps/frappe/frappe/database/query.py:197: UserWarning: The 'filters_config' hook used to add custom operators is not yet implemented in frappe.db.query engine. Use db_query (frappe.get_list) instead.
  warn(
/home/sahil/frappe-11/frappe-bench/apps/frappe/frappe/database/query.py:197: UserWarning: The 'filters_config' hook used to add custom operators is not yet implemented in frappe.db.query engine. Use db_query (frappe.get_list) instead.
  warn(
/home/sahil/frappe-11/frappe-bench/apps/frappe/frappe/database/query.py:197: UserWarning: The 'filters_config' hook used to add custom operators is not yet implemented in frappe.db.query engine. Use db_query (frappe.get_list) instead.
  warn(
/home/sahil/frappe-11/frappe-bench/apps/frappe/frappe/database/query.py:197: UserWarning: The 'filters_config' hook used to add custom operators is not yet implemented in frappe.db.query engine. Use db_query (frappe.get_list) instead.
  warn(
/home/sahil/frappe-11/frappe-bench/apps/frappe/frappe/database/query.py:197: UserWarning: The 'filters_config' hook used to add custom operators is not yet implemented in frappe.db.query engine. Use db_query (frappe.get_list) instead.
  warn(
/home/sahil/frappe-11/frappe-bench/apps/frappe/frappe/database/query.py:197: UserWarning: The 'filters_config' hook used to add custom operators is not yet implemented in frappe.db.query engine. Use db_query (frappe.get_list) instead.
  warn(
/home/sahil/frappe-11/frappe-bench/apps/frappe/frappe/database/query.py:197: UserWarning: The 'filters_config' hook used to add custom operators is not yet implemented in frappe.db.query engine. Use db_query (frappe.get_list) instead.
  warn(
/home/sahil/frappe-11/frappe-bench/apps/frappe/frappe/database/query.py:197: UserWarning: The 'filters_config' hook used to add custom operators is not yet implemented in frappe.db.query engine. Use db_query (frappe.get_list) instead.
  warn(
/home/sahil/frappe-11/frappe-bench/apps/frappe/frappe/database/query.py:197: UserWarning: The 'filters_config' hook used to add custom operators is not yet implemented in frappe.db.query engine. Use db_query (frappe.get_list) instead.
  warn(
/home/sahil/frappe-11/frappe-bench/apps/frappe/frappe/database/query.py:197: UserWarning: The 'filters_config' hook used to add custom operators is not yet implemented in frappe.db.query engine. Use db_query (frappe.get_list) instead.
  warn(
/home/sahil/frappe-11/frappe-bench/apps/frappe/frappe/database/query.py:197: UserWarning: The 'filters_config' hook used to add custom operators is not yet implemented in frappe.db.query engine. Use db_query (frappe.get_list) instead.
  warn(
/home/sahil/frappe-11/frappe-bench/apps/frappe/frappe/database/query.py:197: UserWarning: The 'filters_config' hook used to add custom operators is not yet implemented in frappe.db.query engine. Use db_query (frappe.get_list) instead.
  warn(
/home/sahil/frappe-11/frappe-bench/apps/frappe/frappe/database/query.py:197: UserWarning: The 'filters_config' hook used to add custom operators is not yet implemented in frappe.db.query engine. Use db_query (frappe.get_list) instead.
  warn(
/home/sahil/frappe-11/frappe-bench/apps/frappe/frappe/database/query.py:197: UserWarning: The 'filters_config' hook used to add custom operators is not yet implemented in frappe.db.query engine. Use db_query (frappe.get_list) instead.
  warn(
/home/sahil/frappe-11/frappe-bench/apps/frappe/frappe/database/query.py:197: UserWarning: The 'filters_config' hook used to add custom operators is not yet implemented in frappe.db.query engine. Use db_query (frappe.get_list) instead.
  warn(
/home/sahil/frappe-11/frappe-bench/apps/frappe/frappe/database/query.py:197: UserWarning: The 'filters_config' hook used to add custom operators is not yet implemented in frappe.db.query engine. Use db_query (frappe.get_list) instead.
  warn(
/home/sahil/frappe-11/frappe-bench/apps/frappe/frappe/database/query.py:197: UserWarning: The 'filters_config' hook used to add custom operators is not yet implemented in frappe.db.query engine. Use db_query (frappe.get_list) instead.
  warn(
/home/sahil/frappe-11/frappe-bench/apps/frappe/frappe/database/query.py:197: UserWarning: The 'filters_config' hook used to add custom operators is not yet implemented in frappe.db.query engine. Use db_query (frappe.get_list) instead.
  warn(
/home/sahil/frappe-11/frappe-bench/apps/frappe/frappe/database/query.py:197: UserWarning: The 'filters_config' hook used to add custom operators is not yet implemented in frappe.db.query engine. Use db_query (frappe.get_list) instead.
  warn(
/home/sahil/frappe-11/frappe-bench/apps/frappe/frappe/database/query.py:197: UserWarning: The 'filters_config' hook used to add custom operators is not yet implemented in frappe.db.query engine. Use db_query (frappe.get_list) instead.
  warn(
/home/sahil/frappe-11/frappe-bench/apps/frappe/frappe/database/query.py:197: UserWarning: The 'filters_config' hook used to add custom operators is not yet implemented in frappe.db.query engine. Use db_query (frappe.get_list) instead.
  warn(
/home/sahil/frappe-11/frappe-bench/apps/frappe/frappe/database/query.py:197: UserWarning: The 'filters_config' hook used to add custom operators is not yet implemented in frappe.db.query engine. Use db_query (frappe.get_list) instead.
  warn(
/home/sahil/frappe-11/frappe-bench/apps/frappe/frappe/database/query.py:197: UserWarning: The 'filters_config' hook used to add custom operators is not yet implemented in frappe.db.query engine. Use db_query (frappe.get_list) instead.
  warn(
/home/sahil/frappe-11/frappe-bench/apps/frappe/frappe/database/query.py:197: UserWarning: The 'filters_config' hook used to add custom operators is not yet implemented in frappe.db.query engine. Use db_query (frappe.get_list) instead.
  warn(
/home/sahil/frappe-11/frappe-bench/apps/frappe/frappe/database/query.py:197: UserWarning: The 'filters_config' hook used to add custom operators is not yet implemented in frappe.db.query engine. Use db_query (frappe.get_list) instead.
  warn(
/home/sahil/frappe-11/frappe-bench/apps/frappe/frappe/database/query.py:197: UserWarning: The 'filters_config' hook used to add custom operators is not yet implemented in frappe.db.query engine. Use db_query (frappe.get_list) instead.
  warn(
/home/sahil/frappe-11/frappe-bench/apps/frappe/frappe/database/query.py:197: UserWarning: The 'filters_config' hook used to add custom operators is not yet implemented in frappe.db.query engine. Use db_query (frappe.get_list) instead.
  warn(
/home/sahil/frappe-11/frappe-bench/apps/frappe/frappe/database/query.py:197: UserWarning: The 'filters_config' hook used to add custom operators is not yet implemented in frappe.db.query engine. Use db_query (frappe.get_list) instead.
  warn(
/home/sahil/frappe-11/frappe-bench/apps/frappe/frappe/database/query.py:197: UserWarning: The 'filters_config' hook used to add custom operators is not yet implemented in frappe.db.query engine. Use db_query (frappe.get_list) instead.
  warn(
/home/sahil/frappe-11/frappe-bench/apps/frappe/frappe/database/query.py:197: UserWarning: The 'filters_config' hook used to add custom operators is not yet implemented in frappe.db.query engine. Use db_query (frappe.get_list) instead.
  warn(
/home/sahil/frappe-11/frappe-bench/apps/frappe/frappe/database/query.py:197: UserWarning: The 'filters_config' hook used to add custom operators is not yet implemented in frappe.db.query engine. Use db_query (frappe.get_list) instead.
  warn(
/home/sahil/frappe-11/frappe-bench/apps/frappe/frappe/database/query.py:197: UserWarning: The 'filters_config' hook used to add custom operators is not yet implemented in frappe.db.query engine. Use db_query (frappe.get_list) instead.
  warn(
/home/sahil/frappe-11/frappe-bench/apps/frappe/frappe/database/query.py:197: UserWarning: The 'filters_config' hook used to add custom operators is not yet implemented in frappe.db.query engine. Use db_query (frappe.get_list) instead.
  warn(
/home/sahil/frappe-11/frappe-bench/apps/frappe/frappe/database/query.py:197: UserWarning: The 'filters_config' hook used to add custom operators is not yet implemented in frappe.db.query engine. Use db_query (frappe.get_list) instead.
  warn(
/home/sahil/frappe-11/frappe-bench/apps/frappe/frappe/database/query.py:197: UserWarning: The 'filters_config' hook used to add custom operators is not yet implemented in frappe.db.query engine. Use db_query (frappe.get_list) instead.
  warn(
/home/sahil/frappe-11/frappe-bench/apps/frappe/frappe/database/query.py:197: UserWarning: The 'filters_config' hook used to add custom operators is not yet implemented in frappe.db.query engine. Use db_query (frappe.get_list) instead.
  warn(
/home/sahil/frappe-11/frappe-bench/apps/frappe/frappe/database/query.py:197: UserWarning: The 'filters_config' hook used to add custom operators is not yet implemented in frappe.db.query engine. Use db_query (frappe.get_list) instead.
  warn(
/home/sahil/frappe-11/frappe-bench/apps/frappe/frappe/database/query.py:197: UserWarning: The 'filters_config' hook used to add custom operators is not yet implemented in frappe.db.query engine. Use db_query (frappe.get_list) instead.
  warn(
/home/sahil/frappe-11/frappe-bench/apps/frappe/frappe/database/query.py:197: UserWarning: The 'filters_config' hook used to add custom operators is not yet implemented in frappe.db.query engine. Use db_query (frappe.get_list) instead.
  warn(
/home/sahil/frappe-11/frappe-bench/apps/frappe/frappe/database/query.py:197: UserWarning: The 'filters_config' hook used to add custom operators is not yet implemented in frappe.db.query engine. Use db_query (frappe.get_list) instead.
  warn(
/home/sahil/frappe-11/frappe-bench/apps/frappe/frappe/database/query.py:197: UserWarning: The 'filters_config' hook used to add custom operators is not yet implemented in frappe.db.query engine. Use db_query (frappe.get_list) instead.
  warn(
/home/sahil/frappe-11/frappe-bench/apps/frappe/frappe/database/query.py:197: UserWarning: The 'filters_config' hook used to add custom operators is not yet implemented in frappe.db.query engine. Use db_query (frappe.get_list) instead.
  warn(
/home/sahil/frappe-11/frappe-bench/apps/frappe/frappe/database/query.py:197: UserWarning: The 'filters_config' hook used to add custom operators is not yet implemented in frappe.db.query engine. Use db_query (frappe.get_list) instead.
  warn(
/home/sahil/frappe-11/frappe-bench/apps/frappe/frappe/database/query.py:197: UserWarning: The 'filters_config' hook used to add custom operators is not yet implemented in frappe.db.query engine. Use db_query (frappe.get_list) instead.
  warn(
/home/sahil/frappe-11/frappe-bench/apps/frappe/frappe/database/query.py:197: UserWarning: The 'filters_config' hook used to add custom operators is not yet implemented in frappe.db.query engine. Use db_query (frappe.get_list) instead.
  warn(
/home/sahil/frappe-11/frappe-bench/apps/frappe/frappe/database/query.py:197: UserWarning: The 'filters_config' hook used to add custom operators is not yet implemented in frappe.db.query engine. Use db_query (frappe.get_list) instead.
  warn(
/home/sahil/frappe-11/frappe-bench/apps/frappe/frappe/database/query.py:197: UserWarning: The 'filters_config' hook used to add custom operators is not yet implemented in frappe.db.query engine. Use db_query (frappe.get_list) instead.
  warn(
/home/sahil/frappe-11/frappe-bench/apps/frappe/frappe/database/query.py:197: UserWarning: The 'filters_config' hook used to add custom operators is not yet implemented in frappe.db.query engine. Use db_query (frappe.get_list) instead.
  warn(
/home/sahil/frappe-11/frappe-bench/apps/frappe/frappe/database/query.py:197: UserWarning: The 'filters_config' hook used to add custom operators is not yet implemented in frappe.db.query engine. Use db_query (frappe.get_list) instead.
  warn(
/home/sahil/frappe-11/frappe-bench/apps/frappe/frappe/database/query.py:197: UserWarning: The 'filters_config' hook used to add custom operators is not yet implemented in frappe.db.query engine. Use db_query (frappe.get_list) instead.
  warn(
/home/sahil/frappe-11/frappe-bench/apps/frappe/frappe/database/query.py:197: UserWarning: The 'filters_config' hook used to add custom operators is not yet implemented in frappe.db.query engine. Use db_query (frappe.get_list) instead.
  warn(
/home/sahil/frappe-11/frappe-bench/apps/frappe/frappe/database/query.py:197: UserWarning: The 'filters_config' hook used to add custom operators is not yet implemented in frappe.db.query engine. Use db_query (frappe.get_list) instead.
  warn(
/home/sahil/frappe-11/frappe-bench/apps/frappe/frappe/database/query.py:197: UserWarning: The 'filters_config' hook used to add custom operators is not yet implemented in frappe.db.query engine. Use db_query (frappe.get_list) instead.
  warn(
/home/sahil/frappe-11/frappe-bench/apps/frappe/frappe/database/query.py:197: UserWarning: The 'filters_config' hook used to add custom operators is not yet implemented in frappe.db.query engine. Use db_query (frappe.get_list) instead.
  warn(
/home/sahil/frappe-11/frappe-bench/apps/frappe/frappe/database/query.py:197: UserWarning: The 'filters_config' hook used to add custom operators is not yet implemented in frappe.db.query engine. Use db_query (frappe.get_list) instead.
  warn(
/home/sahil/frappe-11/frappe-bench/apps/frappe/frappe/database/query.py:197: UserWarning: The 'filters_config' hook used to add custom operators is not yet implemented in frappe.db.query engine. Use db_query (frappe.get_list) instead.
  warn(
/home/sahil/frappe-11/frappe-bench/apps/frappe/frappe/database/query.py:197: UserWarning: The 'filters_config' hook used to add custom operators is not yet implemented in frappe.db.query engine. Use db_query (frappe.get_list) instead.
  warn(
/home/sahil/frappe-11/frappe-bench/apps/frappe/frappe/database/query.py:197: UserWarning: The 'filters_config' hook used to add custom operators is not yet implemented in frappe.db.query engine. Use db_query (frappe.get_list) instead.
  warn(
/home/sahil/frappe-11/frappe-bench/apps/frappe/frappe/database/query.py:197: UserWarning: The 'filters_config' hook used to add custom operators is not yet implemented in frappe.db.query engine. Use db_query (frappe.get_list) instead.
  warn(
/home/sahil/frappe-11/frappe-bench/apps/frappe/frappe/database/query.py:197: UserWarning: The 'filters_config' hook used to add custom operators is not yet implemented in frappe.db.query engine. Use db_query (frappe.get_list) instead.
  warn(
/home/sahil/frappe-11/frappe-bench/apps/frappe/frappe/database/query.py:197: UserWarning: The 'filters_config' hook used to add custom operators is not yet implemented in frappe.db.query engine. Use db_query (frappe.get_list) instead.
  warn(
/home/sahil/frappe-11/frappe-bench/apps/frappe/frappe/database/query.py:197: UserWarning: The 'filters_config' hook used to add custom operators is not yet implemented in frappe.db.query engine. Use db_query (frappe.get_list) instead.
  warn(
/home/sahil/frappe-11/frappe-bench/apps/frappe/frappe/database/query.py:197: UserWarning: The 'filters_config' hook used to add custom operators is not yet implemented in frappe.db.query engine. Use db_query (frappe.get_list) instead.
  warn(
/home/sahil/frappe-11/frappe-bench/apps/frappe/frappe/database/query.py:197: UserWarning: The 'filters_config' hook used to add custom operators is not yet implemented in frappe.db.query engine. Use db_query (frappe.get_list) instead.
  warn(
/home/sahil/frappe-11/frappe-bench/apps/frappe/frappe/database/query.py:197: UserWarning: The 'filters_config' hook used to add custom operators is not yet implemented in frappe.db.query engine. Use db_query (frappe.get_list) instead.
  warn(
/home/sahil/frappe-11/frappe-bench/apps/frappe/frappe/database/query.py:197: UserWarning: The 'filters_config' hook used to add custom operators is not yet implemented in frappe.db.query engine. Use db_query (frappe.get_list) instead.
  warn(
/home/sahil/frappe-11/frappe-bench/apps/frappe/frappe/database/query.py:197: UserWarning: The 'filters_config' hook used to add custom operators is not yet implemented in frappe.db.query engine. Use db_query (frappe.get_list) instead.
  warn(
/home/sahil/frappe-11/frappe-bench/apps/frappe/frappe/database/query.py:197: UserWarning: The 'filters_config' hook used to add custom operators is not yet implemented in frappe.db.query engine. Use db_query (frappe.get_list) instead.
  warn(
/home/sahil/frappe-11/frappe-bench/apps/frappe/frappe/database/query.py:197: UserWarning: The 'filters_config' hook used to add custom operators is not yet implemented in frappe.db.query engine. Use db_query (frappe.get_list) instead.
  warn(
/home/sahil/frappe-11/frappe-bench/apps/frappe/frappe/database/query.py:197: UserWarning: The 'filters_config' hook used to add custom operators is not yet implemented in frappe.db.query engine. Use db_query (frappe.get_list) instead.
  warn(
/home/sahil/frappe-11/frappe-bench/apps/frappe/frappe/database/query.py:197: UserWarning: The 'filters_config' hook used to add custom operators is not yet implemented in frappe.db.query engine. Use db_query (frappe.get_list) instead.
  warn(
/home/sahil/frappe-11/frappe-bench/apps/frappe/frappe/database/query.py:197: UserWarning: The 'filters_config' hook used to add custom operators is not yet implemented in frappe.db.query engine. Use db_query (frappe.get_list) instead.
  warn(
/home/sahil/frappe-11/frappe-bench/apps/frappe/frappe/database/query.py:197: UserWarning: The 'filters_config' hook used to add custom operators is not yet implemented in frappe.db.query engine. Use db_query (frappe.get_list) instead.
  warn(
/home/sahil/frappe-11/frappe-bench/apps/frappe/frappe/database/query.py:197: UserWarning: The 'filters_config' hook used to add custom operators is not yet implemented in frappe.db.query engine. Use db_query (frappe.get_list) instead.
  warn(
/home/sahil/frappe-11/frappe-bench/apps/frappe/frappe/database/query.py:197: UserWarning: The 'filters_config' hook used to add custom operators is not yet implemented in frappe.db.query engine. Use db_query (frappe.get_list) instead.
  warn(
/home/sahil/frappe-11/frappe-bench/apps/frappe/frappe/database/query.py:197: UserWarning: The 'filters_config' hook used to add custom operators is not yet implemented in frappe.db.query engine. Use db_query (frappe.get_list) instead.
  warn(
/home/sahil/frappe-11/frappe-bench/apps/frappe/frappe/database/query.py:197: UserWarning: The 'filters_config' hook used to add custom operators is not yet implemented in frappe.db.query engine. Use db_query (frappe.get_list) instead.
  warn(
/home/sahil/frappe-11/frappe-bench/apps/frappe/frappe/database/query.py:197: UserWarning: The 'filters_config' hook used to add custom operators is not yet implemented in frappe.db.query engine. Use db_query (frappe.get_list) instead.
  warn(
/home/sahil/frappe-11/frappe-bench/apps/frappe/frappe/database/query.py:197: UserWarning: The 'filters_config' hook used to add custom operators is not yet implemented in frappe.db.query engine. Use db_query (frappe.get_list) instead.
  warn(
/home/sahil/frappe-11/frappe-bench/apps/frappe/frappe/database/query.py:197: UserWarning: The 'filters_config' hook used to add custom operators is not yet implemented in frappe.db.query engine. Use db_query (frappe.get_list) instead.
  warn(
/home/sahil/frappe-11/frappe-bench/apps/frappe/frappe/database/query.py:197: UserWarning: The 'filters_config' hook used to add custom operators is not yet implemented in frappe.db.query engine. Use db_query (frappe.get_list) instead.
  warn(
/home/sahil/frappe-11/frappe-bench/apps/frappe/frappe/database/query.py:197: UserWarning: The 'filters_config' hook used to add custom operators is not yet implemented in frappe.db.query engine. Use db_query (frappe.get_list) instead.
  warn(
/home/sahil/frappe-11/frappe-bench/apps/frappe/frappe/database/query.py:197: UserWarning: The 'filters_config' hook used to add custom operators is not yet implemented in frappe.db.query engine. Use db_query (frappe.get_list) instead.
  warn(
/home/sahil/frappe-11/frappe-bench/apps/frappe/frappe/database/query.py:197: UserWarning: The 'filters_config' hook used to add custom operators is not yet implemented in frappe.db.query engine. Use db_query (frappe.get_list) instead.
  warn(
/home/sahil/frappe-11/frappe-bench/apps/frappe/frappe/database/query.py:197: UserWarning: The 'filters_config' hook used to add custom operators is not yet implemented in frappe.db.query engine. Use db_query (frappe.get_list) instead.
  warn(
/home/sahil/frappe-11/frappe-bench/apps/frappe/frappe/database/query.py:197: UserWarning: The 'filters_config' hook used to add custom operators is not yet implemented in frappe.db.query engine. Use db_query (frappe.get_list) instead.
  warn(
/home/sahil/frappe-11/frappe-bench/apps/frappe/frappe/database/query.py:197: UserWarning: The 'filters_config' hook used to add custom operators is not yet implemented in frappe.db.query engine. Use db_query (frappe.get_list) instead.
  warn(
/home/sahil/frappe-11/frappe-bench/apps/frappe/frappe/database/query.py:197: UserWarning: The 'filters_config' hook used to add custom operators is not yet implemented in frappe.db.query engine. Use db_query (frappe.get_list) instead.
  warn(
/home/sahil/frappe-11/frappe-bench/apps/frappe/frappe/database/query.py:197: UserWarning: The 'filters_config' hook used to add custom operators is not yet implemented in frappe.db.query engine. Use db_query (frappe.get_list) instead.
  warn(
/home/sahil/frappe-11/frappe-bench/apps/frappe/frappe/database/query.py:197: UserWarning: The 'filters_config' hook used to add custom operators is not yet implemented in frappe.db.query engine. Use db_query (frappe.get_list) instead.
  warn(
/home/sahil/frappe-11/frappe-bench/apps/frappe/frappe/database/query.py:197: UserWarning: The 'filters_config' hook used to add custom operators is not yet implemented in frappe.db.query engine. Use db_query (frappe.get_list) instead.
  warn(
/home/sahil/frappe-11/frappe-bench/apps/frappe/frappe/database/query.py:197: UserWarning: The 'filters_config' hook used to add custom operators is not yet implemented in frappe.db.query engine. Use db_query (frappe.get_list) instead.
  warn(
/home/sahil/frappe-11/frappe-bench/apps/frappe/frappe/database/query.py:197: UserWarning: The 'filters_config' hook used to add custom operators is not yet implemented in frappe.db.query engine. Use db_query (frappe.get_list) instead.
  warn(
/home/sahil/frappe-11/frappe-bench/apps/frappe/frappe/database/query.py:197: UserWarning: The 'filters_config' hook used to add custom operators is not yet implemented in frappe.db.query engine. Use db_query (frappe.get_list) instead.
  warn(
/home/sahil/frappe-11/frappe-bench/apps/frappe/frappe/database/query.py:197: UserWarning: The 'filters_config' hook used to add custom operators is not yet implemented in frappe.db.query engine. Use db_query (frappe.get_list) instead.
  warn(
/home/sahil/frappe-11/frappe-bench/apps/frappe/frappe/database/query.py:197: UserWarning: The 'filters_config' hook used to add custom operators is not yet implemented in frappe.db.query engine. Use db_query (frappe.get_list) instead.
  warn(
/home/sahil/frappe-11/frappe-bench/apps/frappe/frappe/database/query.py:197: UserWarning: The 'filters_config' hook used to add custom operators is not yet implemented in frappe.db.query engine. Use db_query (frappe.get_list) instead.
  warn(
/home/sahil/frappe-11/frappe-bench/apps/frappe/frappe/database/query.py:197: UserWarning: The 'filters_config' hook used to add custom operators is not yet implemented in frappe.db.query engine. Use db_query (frappe.get_list) instead.
  warn(
/home/sahil/frappe-11/frappe-bench/apps/frappe/frappe/database/query.py:197: UserWarning: The 'filters_config' hook used to add custom operators is not yet implemented in frappe.db.query engine. Use db_query (frappe.get_list) instead.
  warn(
/home/sahil/frappe-11/frappe-bench/apps/frappe/frappe/database/query.py:197: UserWarning: The 'filters_config' hook used to add custom operators is not yet implemented in frappe.db.query engine. Use db_query (frappe.get_list) instead.
  warn(
/home/sahil/frappe-11/frappe-bench/apps/frappe/frappe/database/query.py:197: UserWarning: The 'filters_config' hook used to add custom operators is not yet implemented in frappe.db.query engine. Use db_query (frappe.get_list) instead.
  warn(
/home/sahil/frappe-11/frappe-bench/apps/frappe/frappe/database/query.py:197: UserWarning: The 'filters_config' hook used to add custom operators is not yet implemented in frappe.db.query engine. Use db_query (frappe.get_list) instead.
  warn(
/home/sahil/frappe-11/frappe-bench/apps/frappe/frappe/database/query.py:197: UserWarning: The 'filters_config' hook used to add custom operators is not yet implemented in frappe.db.query engine. Use db_query (frappe.get_list) instead.
  warn(
/home/sahil/frappe-11/frappe-bench/apps/frappe/frappe/database/query.py:197: UserWarning: The 'filters_config' hook used to add custom operators is not yet implemented in frappe.db.query engine. Use db_query (frappe.get_list) instead.
  warn(
/home/sahil/frappe-11/frappe-bench/apps/frappe/frappe/database/query.py:197: UserWarning: The 'filters_config' hook used to add custom operators is not yet implemented in frappe.db.query engine. Use db_query (frappe.get_list) instead.
  warn(
/home/sahil/frappe-11/frappe-bench/apps/frappe/frappe/database/query.py:197: UserWarning: The 'filters_config' hook used to add custom operators is not yet implemented in frappe.db.query engine. Use db_query (frappe.get_list) instead.
  warn(
/home/sahil/frappe-11/frappe-bench/apps/frappe/frappe/database/query.py:197: UserWarning: The 'filters_config' hook used to add custom operators is not yet implemented in frappe.db.query engine. Use db_query (frappe.get_list) instead.
  warn(
/home/sahil/frappe-11/frappe-bench/apps/frappe/frappe/database/query.py:197: UserWarning: The 'filters_config' hook used to add custom operators is not yet implemented in frappe.db.query engine. Use db_query (frappe.get_list) instead.
  warn(
/home/sahil/frappe-11/frappe-bench/apps/frappe/frappe/database/query.py:197: UserWarning: The 'filters_config' hook used to add custom operators is not yet implemented in frappe.db.query engine. Use db_query (frappe.get_list) instead.
  warn(
/home/sahil/frappe-11/frappe-bench/apps/frappe/frappe/database/query.py:197: UserWarning: The 'filters_config' hook used to add custom operators is not yet implemented in frappe.db.query engine. Use db_query (frappe.get_list) instead.
  warn(
/home/sahil/frappe-11/frappe-bench/apps/frappe/frappe/database/query.py:197: UserWarning: The 'filters_config' hook used to add custom operators is not yet implemented in frappe.db.query engine. Use db_query (frappe.get_list) instead.
  warn(
/home/sahil/frappe-11/frappe-bench/apps/frappe/frappe/database/query.py:197: UserWarning: The 'filters_config' hook used to add custom operators is not yet implemented in frappe.db.query engine. Use db_query (frappe.get_list) instead.
  warn(
/home/sahil/frappe-11/frappe-bench/apps/frappe/frappe/database/query.py:197: UserWarning: The 'filters_config' hook used to add custom operators is not yet implemented in frappe.db.query engine. Use db_query (frappe.get_list) instead.
  warn(
/home/sahil/frappe-11/frappe-bench/apps/frappe/frappe/database/query.py:197: UserWarning: The 'filters_config' hook used to add custom operators is not yet implemented in frappe.db.query engine. Use db_query (frappe.get_list) instead.
  warn(
/home/sahil/frappe-11/frappe-bench/apps/frappe/frappe/database/query.py:197: UserWarning: The 'filters_config' hook used to add custom operators is not yet implemented in frappe.db.query engine. Use db_query (frappe.get_list) instead.
  warn(
/home/sahil/frappe-11/frappe-bench/apps/frappe/frappe/database/query.py:197: UserWarning: The 'filters_config' hook used to add custom operators is not yet implemented in frappe.db.query engine. Use db_query (frappe.get_list) instead.
  warn(
/home/sahil/frappe-11/frappe-bench/apps/frappe/frappe/database/query.py:197: UserWarning: The 'filters_config' hook used to add custom operators is not yet implemented in frappe.db.query engine. Use db_query (frappe.get_list) instead.
  warn(
/home/sahil/frappe-11/frappe-bench/apps/frappe/frappe/database/query.py:197: UserWarning: The 'filters_config' hook used to add custom operators is not yet implemented in frappe.db.query engine. Use db_query (frappe.get_list) instead.
  warn(
/home/sahil/frappe-11/frappe-bench/apps/frappe/frappe/database/query.py:197: UserWarning: The 'filters_config' hook used to add custom operators is not yet implemented in frappe.db.query engine. Use db_query (frappe.get_list) instead.
  warn(
/home/sahil/frappe-11/frappe-bench/apps/frappe/frappe/database/query.py:197: UserWarning: The 'filters_config' hook used to add custom operators is not yet implemented in frappe.db.query engine. Use db_query (frappe.get_list) instead.
  warn(
/home/sahil/frappe-11/frappe-bench/apps/frappe/frappe/database/query.py:197: UserWarning: The 'filters_config' hook used to add custom operators is not yet implemented in frappe.db.query engine. Use db_query (frappe.get_list) instead.
  warn(
/home/sahil/frappe-11/frappe-bench/apps/frappe/frappe/database/query.py:197: UserWarning: The 'filters_config' hook used to add custom operators is not yet implemented in frappe.db.query engine. Use db_query (frappe.get_list) instead.
  warn(
/home/sahil/frappe-11/frappe-bench/apps/frappe/frappe/database/query.py:197: UserWarning: The 'filters_config' hook used to add custom operators is not yet implemented in frappe.db.query engine. Use db_query (frappe.get_list) instead.
  warn(
/home/sahil/frappe-11/frappe-bench/apps/frappe/frappe/database/query.py:197: UserWarning: The 'filters_config' hook used to add custom operators is not yet implemented in frappe.db.query engine. Use db_query (frappe.get_list) instead.
  warn(
/home/sahil/frappe-11/frappe-bench/apps/frappe/frappe/database/query.py:197: UserWarning: The 'filters_config' hook used to add custom operators is not yet implemented in frappe.db.query engine. Use db_query (frappe.get_list) instead.
  warn(
/home/sahil/frappe-11/frappe-bench/apps/frappe/frappe/database/query.py:197: UserWarning: The 'filters_config' hook used to add custom operators is not yet implemented in frappe.db.query engine. Use db_query (frappe.get_list) instead.
  warn(
/home/sahil/frappe-11/frappe-bench/apps/frappe/frappe/database/query.py:197: UserWarning: The 'filters_config' hook used to add custom operators is not yet implemented in frappe.db.query engine. Use db_query (frappe.get_list) instead.
  warn(
/home/sahil/frappe-11/frappe-bench/apps/frappe/frappe/database/query.py:197: UserWarning: The 'filters_config' hook used to add custom operators is not yet implemented in frappe.db.query engine. Use db_query (frappe.get_list) instead.
  warn(
/home/sahil/frappe-11/frappe-bench/apps/frappe/frappe/database/query.py:197: UserWarning: The 'filters_config' hook used to add custom operators is not yet implemented in frappe.db.query engine. Use db_query (frappe.get_list) instead.
  warn(
/home/sahil/frappe-11/frappe-bench/apps/frappe/frappe/database/query.py:197: UserWarning: The 'filters_config' hook used to add custom operators is not yet implemented in frappe.db.query engine. Use db_query (frappe.get_list) instead.
  warn(
/home/sahil/frappe-11/frappe-bench/apps/frappe/frappe/database/query.py:197: UserWarning: The 'filters_config' hook used to add custom operators is not yet implemented in frappe.db.query engine. Use db_query (frappe.get_list) instead.
  warn(
/home/sahil/frappe-11/frappe-bench/apps/frappe/frappe/database/query.py:197: UserWarning: The 'filters_config' hook used to add custom operators is not yet implemented in frappe.db.query engine. Use db_query (frappe.get_list) instead.
  warn(
/home/sahil/frappe-11/frappe-bench/apps/frappe/frappe/database/query.py:197: UserWarning: The 'filters_config' hook used to add custom operators is not yet implemented in frappe.db.query engine. Use db_query (frappe.get_list) instead.
  warn(
/home/sahil/frappe-11/frappe-bench/apps/frappe/frappe/database/query.py:197: UserWarning: The 'filters_config' hook used to add custom operators is not yet implemented in frappe.db.query engine. Use db_query (frappe.get_list) instead.
  warn(
/home/sahil/frappe-11/frappe-bench/apps/frappe/frappe/database/query.py:197: UserWarning: The 'filters_config' hook used to add custom operators is not yet implemented in frappe.db.query engine. Use db_query (frappe.get_list) instead.
  warn(
/home/sahil/frappe-11/frappe-bench/apps/frappe/frappe/database/query.py:197: UserWarning: The 'filters_config' hook used to add custom operators is not yet implemented in frappe.db.query engine. Use db_query (frappe.get_list) instead.
  warn(
/home/sahil/frappe-11/frappe-bench/apps/frappe/frappe/database/query.py:197: UserWarning: The 'filters_config' hook used to add custom operators is not yet implemented in frappe.db.query engine. Use db_query (frappe.get_list) instead.
  warn(
/home/sahil/frappe-11/frappe-bench/apps/frappe/frappe/database/query.py:197: UserWarning: The 'filters_config' hook used to add custom operators is not yet implemented in frappe.db.query engine. Use db_query (frappe.get_list) instead.
  warn(
/home/sahil/frappe-11/frappe-bench/apps/frappe/frappe/database/query.py:197: UserWarning: The 'filters_config' hook used to add custom operators is not yet implemented in frappe.db.query engine. Use db_query (frappe.get_list) instead.
  warn(
/home/sahil/frappe-11/frappe-bench/apps/frappe/frappe/database/query.py:197: UserWarning: The 'filters_config' hook used to add custom operators is not yet implemented in frappe.db.query engine. Use db_query (frappe.get_list) instead.
  warn(
/home/sahil/frappe-11/frappe-bench/apps/frappe/frappe/database/query.py:197: UserWarning: The 'filters_config' hook used to add custom operators is not yet implemented in frappe.db.query engine. Use db_query (frappe.get_list) instead.
  warn(
/home/sahil/frappe-11/frappe-bench/apps/frappe/frappe/database/query.py:197: UserWarning: The 'filters_config' hook used to add custom operators is not yet implemented in frappe.db.query engine. Use db_query (frappe.get_list) instead.
  warn(
/home/sahil/frappe-11/frappe-bench/apps/frappe/frappe/database/query.py:197: UserWarning: The 'filters_config' hook used to add custom operators is not yet implemented in frappe.db.query engine. Use db_query (frappe.get_list) instead.
  warn(
/home/sahil/frappe-11/frappe-bench/apps/frappe/frappe/database/query.py:197: UserWarning: The 'filters_config' hook used to add custom operators is not yet implemented in frappe.db.query engine. Use db_query (frappe.get_list) instead.
  warn(
/home/sahil/frappe-11/frappe-bench/apps/frappe/frappe/database/query.py:197: UserWarning: The 'filters_config' hook used to add custom operators is not yet implemented in frappe.db.query engine. Use db_query (frappe.get_list) instead.
  warn(
/home/sahil/frappe-11/frappe-bench/apps/frappe/frappe/database/query.py:197: UserWarning: The 'filters_config' hook used to add custom operators is not yet implemented in frappe.db.query engine. Use db_query (frappe.get_list) instead.
  warn(
/home/sahil/frappe-11/frappe-bench/apps/frappe/frappe/database/query.py:197: UserWarning: The 'filters_config' hook used to add custom operators is not yet implemented in frappe.db.query engine. Use db_query (frappe.get_list) instead.
  warn(
/home/sahil/frappe-11/frappe-bench/apps/frappe/frappe/database/query.py:197: UserWarning: The 'filters_config' hook used to add custom operators is not yet implemented in frappe.db.query engine. Use db_query (frappe.get_list) instead.
  warn(
/home/sahil/frappe-11/frappe-bench/apps/frappe/frappe/database/query.py:197: UserWarning: The 'filters_config' hook used to add custom operators is not yet implemented in frappe.db.query engine. Use db_query (frappe.get_list) instead.
  warn(
/home/sahil/frappe-11/frappe-bench/apps/frappe/frappe/database/query.py:197: UserWarning: The 'filters_config' hook used to add custom operators is not yet implemented in frappe.db.query engine. Use db_query (frappe.get_list) instead.
  warn(
/home/sahil/frappe-11/frappe-bench/apps/frappe/frappe/database/query.py:197: UserWarning: The 'filters_config' hook used to add custom operators is not yet implemented in frappe.db.query engine. Use db_query (frappe.get_list) instead.
  warn(
/home/sahil/frappe-11/frappe-bench/apps/frappe/frappe/database/query.py:197: UserWarning: The 'filters_config' hook used to add custom operators is not yet implemented in frappe.db.query engine. Use db_query (frappe.get_list) instead.
  warn(
/home/sahil/frappe-11/frappe-bench/apps/frappe/frappe/database/query.py:197: UserWarning: The 'filters_config' hook used to add custom operators is not yet implemented in frappe.db.query engine. Use db_query (frappe.get_list) instead.
  warn(
/home/sahil/frappe-11/frappe-bench/apps/frappe/frappe/database/query.py:197: UserWarning: The 'filters_config' hook used to add custom operators is not yet implemented in frappe.db.query engine. Use db_query (frappe.get_list) instead.
  warn(
/home/sahil/frappe-11/frappe-bench/apps/frappe/frappe/database/query.py:197: UserWarning: The 'filters_config' hook used to add custom operators is not yet implemented in frappe.db.query engine. Use db_query (frappe.get_list) instead.
  warn(
/home/sahil/frappe-11/frappe-bench/apps/frappe/frappe/database/query.py:197: UserWarning: The 'filters_config' hook used to add custom operators is not yet implemented in frappe.db.query engine. Use db_query (frappe.get_list) instead.
  warn(
/home/sahil/frappe-11/frappe-bench/apps/frappe/frappe/database/query.py:197: UserWarning: The 'filters_config' hook used to add custom operators is not yet implemented in frappe.db.query engine. Use db_query (frappe.get_list) instead.
  warn(
/home/sahil/frappe-11/frappe-bench/apps/frappe/frappe/database/query.py:197: UserWarning: The 'filters_config' hook used to add custom operators is not yet implemented in frappe.db.query engine. Use db_query (frappe.get_list) instead.
  warn(
/home/sahil/frappe-11/frappe-bench/apps/frappe/frappe/database/query.py:197: UserWarning: The 'filters_config' hook used to add custom operators is not yet implemented in frappe.db.query engine. Use db_query (frappe.get_list) instead.
  warn(
/home/sahil/frappe-11/frappe-bench/apps/frappe/frappe/database/query.py:197: UserWarning: The 'filters_config' hook used to add custom operators is not yet implemented in frappe.db.query engine. Use db_query (frappe.get_list) instead.
  warn(
/home/sahil/frappe-11/frappe-bench/apps/frappe/frappe/database/query.py:197: UserWarning: The 'filters_config' hook used to add custom operators is not yet implemented in frappe.db.query engine. Use db_query (frappe.get_list) instead.
  warn(
/home/sahil/frappe-11/frappe-bench/apps/frappe/frappe/database/query.py:197: UserWarning: The 'filters_config' hook used to add custom operators is not yet implemented in frappe.db.query engine. Use db_query (frappe.get_list) instead.
  warn(
/home/sahil/frappe-11/frappe-bench/apps/frappe/frappe/database/query.py:197: UserWarning: The 'filters_config' hook used to add custom operators is not yet implemented in frappe.db.query engine. Use db_query (frappe.get_list) instead.
  warn(
/home/sahil/frappe-11/frappe-bench/apps/frappe/frappe/database/query.py:197: UserWarning: The 'filters_config' hook used to add custom operators is not yet implemented in frappe.db.query engine. Use db_query (frappe.get_list) instead.
  warn(
/home/sahil/frappe-11/frappe-bench/apps/frappe/frappe/database/query.py:197: UserWarning: The 'filters_config' hook used to add custom operators is not yet implemented in frappe.db.query engine. Use db_query (frappe.get_list) instead.
  warn(
/home/sahil/frappe-11/frappe-bench/apps/frappe/frappe/database/query.py:197: UserWarning: The 'filters_config' hook used to add custom operators is not yet implemented in frappe.db.query engine. Use db_query (frappe.get_list) instead.
  warn(
/home/sahil/frappe-11/frappe-bench/apps/frappe/frappe/database/query.py:197: UserWarning: The 'filters_config' hook used to add custom operators is not yet implemented in frappe.db.query engine. Use db_query (frappe.get_list) instead.
  warn(
/home/sahil/frappe-11/frappe-bench/apps/frappe/frappe/database/query.py:197: UserWarning: The 'filters_config' hook used to add custom operators is not yet implemented in frappe.db.query engine. Use db_query (frappe.get_list) instead.
  warn(
/home/sahil/frappe-11/frappe-bench/apps/frappe/frappe/database/query.py:197: UserWarning: The 'filters_config' hook used to add custom operators is not yet implemented in frappe.db.query engine. Use db_query (frappe.get_list) instead.
  warn(
/home/sahil/frappe-11/frappe-bench/apps/frappe/frappe/database/query.py:197: UserWarning: The 'filters_config' hook used to add custom operators is not yet implemented in frappe.db.query engine. Use db_query (frappe.get_list) instead.
  warn(
/home/sahil/frappe-11/frappe-bench/apps/frappe/frappe/database/query.py:197: UserWarning: The 'filters_config' hook used to add custom operators is not yet implemented in frappe.db.query engine. Use db_query (frappe.get_list) instead.
  warn(
/home/sahil/frappe-11/frappe-bench/apps/frappe/frappe/database/query.py:197: UserWarning: The 'filters_config' hook used to add custom operators is not yet implemented in frappe.db.query engine. Use db_query (frappe.get_list) instead.
  warn(
/home/sahil/frappe-11/frappe-bench/apps/frappe/frappe/database/query.py:197: UserWarning: The 'filters_config' hook used to add custom operators is not yet implemented in frappe.db.query engine. Use db_query (frappe.get_list) instead.
  warn(
/home/sahil/frappe-11/frappe-bench/apps/frappe/frappe/database/query.py:197: UserWarning: The 'filters_config' hook used to add custom operators is not yet implemented in frappe.db.query engine. Use db_query (frappe.get_list) instead.
  warn(
/home/sahil/frappe-11/frappe-bench/apps/frappe/frappe/database/query.py:197: UserWarning: The 'filters_config' hook used to add custom operators is not yet implemented in frappe.db.query engine. Use db_query (frappe.get_list) instead.
  warn(
/home/sahil/frappe-11/frappe-bench/apps/frappe/frappe/database/query.py:197: UserWarning: The 'filters_config' hook used to add custom operators is not yet implemented in frappe.db.query engine. Use db_query (frappe.get_list) instead.
  warn(
/home/sahil/frappe-11/frappe-bench/apps/frappe/frappe/database/query.py:197: UserWarning: The 'filters_config' hook used to add custom operators is not yet implemented in frappe.db.query engine. Use db_query (frappe.get_list) instead.
  warn(
/home/sahil/frappe-11/frappe-bench/apps/frappe/frappe/database/query.py:197: UserWarning: The 'filters_config' hook used to add custom operators is not yet implemented in frappe.db.query engine. Use db_query (frappe.get_list) instead.
  warn(
/home/sahil/frappe-11/frappe-bench/apps/frappe/frappe/database/query.py:197: UserWarning: The 'filters_config' hook used to add custom operators is not yet implemented in frappe.db.query engine. Use db_query (frappe.get_list) instead.
  warn(
/home/sahil/frappe-11/frappe-bench/apps/frappe/frappe/database/query.py:197: UserWarning: The 'filters_config' hook used to add custom operators is not yet implemented in frappe.db.query engine. Use db_query (frappe.get_list) instead.
  warn(
/home/sahil/frappe-11/frappe-bench/apps/frappe/frappe/database/query.py:197: UserWarning: The 'filters_config' hook used to add custom operators is not yet implemented in frappe.db.query engine. Use db_query (frappe.get_list) instead.
  warn(
/home/sahil/frappe-11/frappe-bench/apps/frappe/frappe/database/query.py:197: UserWarning: The 'filters_config' hook used to add custom operators is not yet implemented in frappe.db.query engine. Use db_query (frappe.get_list) instead.
  warn(
/home/sahil/frappe-11/frappe-bench/apps/frappe/frappe/database/query.py:197: UserWarning: The 'filters_config' hook used to add custom operators is not yet implemented in frappe.db.query engine. Use db_query (frappe.get_list) instead.
  warn(
/home/sahil/frappe-11/frappe-bench/apps/frappe/frappe/database/query.py:197: UserWarning: The 'filters_config' hook used to add custom operators is not yet implemented in frappe.db.query engine. Use db_query (frappe.get_list) instead.
  warn(
/home/sahil/frappe-11/frappe-bench/apps/frappe/frappe/database/query.py:197: UserWarning: The 'filters_config' hook used to add custom operators is not yet implemented in frappe.db.query engine. Use db_query (frappe.get_list) instead.
  warn(
/home/sahil/frappe-11/frappe-bench/apps/frappe/frappe/database/query.py:197: UserWarning: The 'filters_config' hook used to add custom operators is not yet implemented in frappe.db.query engine. Use db_query (frappe.get_list) instead.
  warn(
/home/sahil/frappe-11/frappe-bench/apps/frappe/frappe/database/query.py:197: UserWarning: The 'filters_config' hook used to add custom operators is not yet implemented in frappe.db.query engine. Use db_query (frappe.get_list) instead.
  warn(
/home/sahil/frappe-11/frappe-bench/apps/frappe/frappe/database/query.py:197: UserWarning: The 'filters_config' hook used to add custom operators is not yet implemented in frappe.db.query engine. Use db_query (frappe.get_list) instead.
  warn(
/home/sahil/frappe-11/frappe-bench/apps/frappe/frappe/database/query.py:197: UserWarning: The 'filters_config' hook used to add custom operators is not yet implemented in frappe.db.query engine. Use db_query (frappe.get_list) instead.
  warn(
/home/sahil/frappe-11/frappe-bench/apps/frappe/frappe/database/query.py:197: UserWarning: The 'filters_config' hook used to add custom operators is not yet implemented in frappe.db.query engine. Use db_query (frappe.get_list) instead.
  warn(
/home/sahil/frappe-11/frappe-bench/apps/frappe/frappe/database/query.py:197: UserWarning: The 'filters_config' hook used to add custom operators is not yet implemented in frappe.db.query engine. Use db_query (frappe.get_list) instead.
  warn(
/home/sahil/frappe-11/frappe-bench/apps/frappe/frappe/database/query.py:197: UserWarning: The 'filters_config' hook used to add custom operators is not yet implemented in frappe.db.query engine. Use db_query (frappe.get_list) instead.
  warn(
/home/sahil/frappe-11/frappe-bench/apps/frappe/frappe/database/query.py:197: UserWarning: The 'filters_config' hook used to add custom operators is not yet implemented in frappe.db.query engine. Use db_query (frappe.get_list) instead.
  warn(
/home/sahil/frappe-11/frappe-bench/apps/frappe/frappe/database/query.py:197: UserWarning: The 'filters_config' hook used to add custom operators is not yet implemented in frappe.db.query engine. Use db_query (frappe.get_list) instead.
  warn(
/home/sahil/frappe-11/frappe-bench/apps/frappe/frappe/database/query.py:197: UserWarning: The 'filters_config' hook used to add custom operators is not yet implemented in frappe.db.query engine. Use db_query (frappe.get_list) instead.
  warn(
/home/sahil/frappe-11/frappe-bench/apps/frappe/frappe/database/query.py:197: UserWarning: The 'filters_config' hook used to add custom operators is not yet implemented in frappe.db.query engine. Use db_query (frappe.get_list) instead.
  warn(
/home/sahil/frappe-11/frappe-bench/apps/frappe/frappe/database/query.py:197: UserWarning: The 'filters_config' hook used to add custom operators is not yet implemented in frappe.db.query engine. Use db_query (frappe.get_list) instead.
  warn(
/home/sahil/frappe-11/frappe-bench/apps/frappe/frappe/database/query.py:197: UserWarning: The 'filters_config' hook used to add custom operators is not yet implemented in frappe.db.query engine. Use db_query (frappe.get_list) instead.
  warn(
/home/sahil/frappe-11/frappe-bench/apps/frappe/frappe/database/query.py:197: UserWarning: The 'filters_config' hook used to add custom operators is not yet implemented in frappe.db.query engine. Use db_query (frappe.get_list) instead.
  warn(
/home/sahil/frappe-11/frappe-bench/apps/frappe/frappe/database/query.py:197: UserWarning: The 'filters_config' hook used to add custom operators is not yet implemented in frappe.db.query engine. Use db_query (frappe.get_list) instead.
  warn(
/home/sahil/frappe-11/frappe-bench/apps/frappe/frappe/database/query.py:197: UserWarning: The 'filters_config' hook used to add custom operators is not yet implemented in frappe.db.query engine. Use db_query (frappe.get_list) instead.
  warn(
/home/sahil/frappe-11/frappe-bench/apps/frappe/frappe/database/query.py:197: UserWarning: The 'filters_config' hook used to add custom operators is not yet implemented in frappe.db.query engine. Use db_query (frappe.get_list) instead.
  warn(
/home/sahil/frappe-11/frappe-bench/apps/frappe/frappe/database/query.py:197: UserWarning: The 'filters_config' hook used to add custom operators is not yet implemented in frappe.db.query engine. Use db_query (frappe.get_list) instead.
  warn(
/home/sahil/frappe-11/frappe-bench/apps/frappe/frappe/database/query.py:197: UserWarning: The 'filters_config' hook used to add custom operators is not yet implemented in frappe.db.query engine. Use db_query (frappe.get_list) instead.
  warn(
/home/sahil/frappe-11/frappe-bench/apps/frappe/frappe/database/query.py:197: UserWarning: The 'filters_config' hook used to add custom operators is not yet implemented in frappe.db.query engine. Use db_query (frappe.get_list) instead.
  warn(
/home/sahil/frappe-11/frappe-bench/apps/frappe/frappe/database/query.py:197: UserWarning: The 'filters_config' hook used to add custom operators is not yet implemented in frappe.db.query engine. Use db_query (frappe.get_list) instead.
  warn(
/home/sahil/frappe-11/frappe-bench/apps/frappe/frappe/database/query.py:197: UserWarning: The 'filters_config' hook used to add custom operators is not yet implemented in frappe.db.query engine. Use db_query (frappe.get_list) instead.
  warn(
/home/sahil/frappe-11/frappe-bench/apps/frappe/frappe/database/query.py:197: UserWarning: The 'filters_config' hook used to add custom operators is not yet implemented in frappe.db.query engine. Use db_query (frappe.get_list) instead.
  warn(
/home/sahil/frappe-11/frappe-bench/apps/frappe/frappe/database/query.py:197: UserWarning: The 'filters_config' hook used to add custom operators is not yet implemented in frappe.db.query engine. Use db_query (frappe.get_list) instead.
  warn(
/home/sahil/frappe-11/frappe-bench/apps/frappe/frappe/database/query.py:197: UserWarning: The 'filters_config' hook used to add custom operators is not yet implemented in frappe.db.query engine. Use db_query (frappe.get_list) instead.
  warn(
/home/sahil/frappe-11/frappe-bench/apps/frappe/frappe/database/query.py:197: UserWarning: The 'filters_config' hook used to add custom operators is not yet implemented in frappe.db.query engine. Use db_query (frappe.get_list) instead.
  warn(
/home/sahil/frappe-11/frappe-bench/apps/frappe/frappe/database/query.py:197: UserWarning: The 'filters_config' hook used to add custom operators is not yet implemented in frappe.db.query engine. Use db_query (frappe.get_list) instead.
  warn(
/home/sahil/frappe-11/frappe-bench/apps/frappe/frappe/database/query.py:197: UserWarning: The 'filters_config' hook used to add custom operators is not yet implemented in frappe.db.query engine. Use db_query (frappe.get_list) instead.
  warn(
/home/sahil/frappe-11/frappe-bench/apps/frappe/frappe/database/query.py:197: UserWarning: The 'filters_config' hook used to add custom operators is not yet implemented in frappe.db.query engine. Use db_query (frappe.get_list) instead.
  warn(
/home/sahil/frappe-11/frappe-bench/apps/frappe/frappe/database/query.py:197: UserWarning: The 'filters_config' hook used to add custom operators is not yet implemented in frappe.db.query engine. Use db_query (frappe.get_list) instead.
  warn(
/home/sahil/frappe-11/frappe-bench/apps/frappe/frappe/database/query.py:197: UserWarning: The 'filters_config' hook used to add custom operators is not yet implemented in frappe.db.query engine. Use db_query (frappe.get_list) instead.
  warn(
/home/sahil/frappe-11/frappe-bench/apps/frappe/frappe/database/query.py:197: UserWarning: The 'filters_config' hook used to add custom operators is not yet implemented in frappe.db.query engine. Use db_query (frappe.get_list) instead.
  warn(
/home/sahil/frappe-11/frappe-bench/apps/frappe/frappe/database/query.py:197: UserWarning: The 'filters_config' hook used to add custom operators is not yet implemented in frappe.db.query engine. Use db_query (frappe.get_list) instead.
  warn(
/home/sahil/frappe-11/frappe-bench/apps/frappe/frappe/database/query.py:197: UserWarning: The 'filters_config' hook used to add custom operators is not yet implemented in frappe.db.query engine. Use db_query (frappe.get_list) instead.
  warn(
/home/sahil/frappe-11/frappe-bench/apps/frappe/frappe/database/query.py:197: UserWarning: The 'filters_config' hook used to add custom operators is not yet implemented in frappe.db.query engine. Use db_query (frappe.get_list) instead.
  warn(
/home/sahil/frappe-11/frappe-bench/apps/frappe/frappe/database/query.py:197: UserWarning: The 'filters_config' hook used to add custom operators is not yet implemented in frappe.db.query engine. Use db_query (frappe.get_list) instead.
  warn(
/home/sahil/frappe-11/frappe-bench/apps/frappe/frappe/database/query.py:197: UserWarning: The 'filters_config' hook used to add custom operators is not yet implemented in frappe.db.query engine. Use db_query (frappe.get_list) instead.
  warn(
/home/sahil/frappe-11/frappe-bench/apps/frappe/frappe/database/query.py:197: UserWarning: The 'filters_config' hook used to add custom operators is not yet implemented in frappe.db.query engine. Use db_query (frappe.get_list) instead.
  warn(
/home/sahil/frappe-11/frappe-bench/apps/frappe/frappe/database/query.py:197: UserWarning: The 'filters_config' hook used to add custom operators is not yet implemented in frappe.db.query engine. Use db_query (frappe.get_list) instead.
  warn(
/home/sahil/frappe-11/frappe-bench/apps/frappe/frappe/database/query.py:197: UserWarning: The 'filters_config' hook used to add custom operators is not yet implemented in frappe.db.query engine. Use db_query (frappe.get_list) instead.
  warn(
/home/sahil/frappe-11/frappe-bench/apps/frappe/frappe/database/query.py:197: UserWarning: The 'filters_config' hook used to add custom operators is not yet implemented in frappe.db.query engine. Use db_query (frappe.get_list) instead.
  warn(
/home/sahil/frappe-11/frappe-bench/apps/frappe/frappe/database/query.py:197: UserWarning: The 'filters_config' hook used to add custom operators is not yet implemented in frappe.db.query engine. Use db_query (frappe.get_list) instead.
  warn(
/home/sahil/frappe-11/frappe-bench/apps/frappe/frappe/database/query.py:197: UserWarning: The 'filters_config' hook used to add custom operators is not yet implemented in frappe.db.query engine. Use db_query (frappe.get_list) instead.
  warn(
/home/sahil/frappe-11/frappe-bench/apps/frappe/frappe/database/query.py:197: UserWarning: The 'filters_config' hook used to add custom operators is not yet implemented in frappe.db.query engine. Use db_query (frappe.get_list) instead.
  warn(
/home/sahil/frappe-11/frappe-bench/apps/frappe/frappe/database/query.py:197: UserWarning: The 'filters_config' hook used to add custom operators is not yet implemented in frappe.db.query engine. Use db_query (frappe.get_list) instead.
  warn(
/home/sahil/frappe-11/frappe-bench/apps/frappe/frappe/database/query.py:197: UserWarning: The 'filters_config' hook used to add custom operators is not yet implemented in frappe.db.query engine. Use db_query (frappe.get_list) instead.
  warn(
/home/sahil/frappe-11/frappe-bench/apps/frappe/frappe/database/query.py:197: UserWarning: The 'filters_config' hook used to add custom operators is not yet implemented in frappe.db.query engine. Use db_query (frappe.get_list) instead.
  warn(
/home/sahil/frappe-11/frappe-bench/apps/frappe/frappe/database/query.py:197: UserWarning: The 'filters_config' hook used to add custom operators is not yet implemented in frappe.db.query engine. Use db_query (frappe.get_list) instead.
  warn(
/home/sahil/frappe-11/frappe-bench/apps/frappe/frappe/database/query.py:197: UserWarning: The 'filters_config' hook used to add custom operators is not yet implemented in frappe.db.query engine. Use db_query (frappe.get_list) instead.
  warn(
/home/sahil/frappe-11/frappe-bench/apps/frappe/frappe/database/query.py:197: UserWarning: The 'filters_config' hook used to add custom operators is not yet implemented in frappe.db.query engine. Use db_query (frappe.get_list) instead.
  warn(
/home/sahil/frappe-11/frappe-bench/apps/frappe/frappe/database/query.py:197: UserWarning: The 'filters_config' hook used to add custom operators is not yet implemented in frappe.db.query engine. Use db_query (frappe.get_list) instead.
  warn(
/home/sahil/frappe-11/frappe-bench/apps/frappe/frappe/database/query.py:197: UserWarning: The 'filters_config' hook used to add custom operators is not yet implemented in frappe.db.query engine. Use db_query (frappe.get_list) instead.
  warn(
/home/sahil/frappe-11/frappe-bench/apps/frappe/frappe/database/query.py:197: UserWarning: The 'filters_config' hook used to add custom operators is not yet implemented in frappe.db.query engine. Use db_query (frappe.get_list) instead.
  warn(
/home/sahil/frappe-11/frappe-bench/apps/frappe/frappe/database/query.py:197: UserWarning: The 'filters_config' hook used to add custom operators is not yet implemented in frappe.db.query engine. Use db_query (frappe.get_list) instead.
  warn(
/home/sahil/frappe-11/frappe-bench/apps/frappe/frappe/database/query.py:197: UserWarning: The 'filters_config' hook used to add custom operators is not yet implemented in frappe.db.query engine. Use db_query (frappe.get_list) instead.
  warn(
/home/sahil/frappe-11/frappe-bench/apps/frappe/frappe/database/query.py:197: UserWarning: The 'filters_config' hook used to add custom operators is not yet implemented in frappe.db.query engine. Use db_query (frappe.get_list) instead.
  warn(
/home/sahil/frappe-11/frappe-bench/apps/frappe/frappe/database/query.py:197: UserWarning: The 'filters_config' hook used to add custom operators is not yet implemented in frappe.db.query engine. Use db_query (frappe.get_list) instead.
  warn(
/home/sahil/frappe-11/frappe-bench/apps/frappe/frappe/database/query.py:197: UserWarning: The 'filters_config' hook used to add custom operators is not yet implemented in frappe.db.query engine. Use db_query (frappe.get_list) instead.
  warn(
/home/sahil/frappe-11/frappe-bench/apps/frappe/frappe/database/query.py:197: UserWarning: The 'filters_config' hook used to add custom operators is not yet implemented in frappe.db.query engine. Use db_query (frappe.get_list) instead.
  warn(
